[INFO] Scanning for projects...
[INFO] 
[INFO] -----------------------< com.message.chat:WITS >------------------------
[INFO] Building WITS 0.0.1-SNAPSHOT
[INFO]   from pom.xml
[INFO] --------------------------------[ jar ]---------------------------------
[INFO] 
[INFO] --- clean:3.5.0:clean (default-clean) @ WITS ---
[INFO] Deleting C:\Users\Administrator\Downloads\WITS\target
[INFO] 
[INFO] --- resources:3.3.1:resources (default-resources) @ WITS ---
[INFO] Copying 1 resource from src\main\resources to target\classes
[INFO] Copying 0 resource from src\main\resources to target\classes
[INFO] 
[INFO] --- compiler:3.14.1:compile (default-compile) @ WITS ---
[INFO] Recompiling the module because of changed source code.
[INFO] Compiling 121 source files with javac [debug parameters release 17] to target\classes
[INFO] -------------------------------------------------------------
[ERROR] COMPILATION ERROR : 
[INFO] -------------------------------------------------------------
[ERROR] /C:/Users/Administrator/Downloads/WITS/src/main/java/com/message/chat/WITS/security/SecurityService.java:[5,33] cannot access com.vaadin.flow.component.UI
  bad class file: C:\Users\Administrator\.m2\repository\com\vaadin\flow-server\25.0.7\flow-server-25.0.7.jar(/com/vaadin/flow/component/UI.class)
    class file has wrong version 65.0, should be 61.0
    Please remove or make sure it appears in the correct subdirectory of the classpath.
[ERROR] /C:/Users/Administrator/Downloads/WITS/src/main/java/com/message/chat/WITS/security/SecurityService.java:[6,30] cannot access com.vaadin.flow.server.VaadinServletRequest
  bad class file: C:\Users\Administrator\.m2\repository\com\vaadin\flow-server\25.0.7\flow-server-25.0.7.jar(/com/vaadin/flow/server/VaadinServletRequest.class)
    class file has wrong version 65.0, should be 61.0
    Please remove or make sure it appears in the correct subdirectory of the classpath.
[ERROR] /C:/Users/Administrator/Downloads/WITS/src/main/java/com/message/chat/WITS/view/ChatView.java:[11,40] cannot access com.vaadin.flow.component.button.Button
  bad class file: C:\Users\Administrator\.m2\repository\com\vaadin\vaadin-button-flow\25.0.6\vaadin-button-flow-25.0.6.jar(/com/vaadin/flow/component/button/Button.class)
    class file has wrong version 65.0, should be 61.0
    Please remove or make sure it appears in the correct subdirectory of the classpath.
[ERROR] /C:/Users/Administrator/Downloads/WITS/src/main/java/com/message/chat/WITS/view/ChatView.java:[12,45] cannot access com.vaadin.flow.component.contextmenu.ContextMenu
  bad class file: C:\Users\Administrator\.m2\repository\com\vaadin\vaadin-context-menu-flow\25.0.6\vaadin-context-menu-flow-25.0.6.jar(/com/vaadin/flow/component/contextmenu/ContextMenu.class)
    class file has wrong version 65.0, should be 61.0
    Please remove or make sure it appears in the correct subdirectory of the classpath.
[ERROR] /C:/Users/Administrator/Downloads/WITS/src/main/java/com/message/chat/WITS/view/ChatView.java:[13,40] cannot access com.vaadin.flow.component.dialog.Dialog
  bad class file: C:\Users\Administrator\.m2\repository\com\vaadin\vaadin-dialog-flow\25.0.6\vaadin-dialog-flow-25.0.6.jar(/com/vaadin/flow/component/dialog/Dialog.class)
    class file has wrong version 65.0, should be 61.0
    Please remove or make sure it appears in the correct subdirectory of the classpath.
[ERROR] /C:/Users/Administrator/Downloads/WITS/src/main/java/com/message/chat/WITS/view/ChatView.java:[14,38] cannot access com.vaadin.flow.component.html.Div
  bad class file: C:\Users\Administrator\.m2\repository\com\vaadin\flow-html-components\25.0.7\flow-html-components-25.0.7.jar(/com/vaadin/flow/component/html/Div.class)
    class file has wrong version 65.0, should be 61.0
    Please remove or make sure it appears in the correct subdirectory of the classpath.
[ERROR] /C:/Users/Administrator/Downloads/WITS/src/main/java/com/message/chat/WITS/view/ChatView.java:[15,38] cannot access com.vaadin.flow.component.html.H2
  bad class file: C:\Users\Administrator\.m2\repository\com\vaadin\flow-html-components\25.0.7\flow-html-components-25.0.7.jar(/com/vaadin/flow/component/html/H2.class)
    class file has wrong version 65.0, should be 61.0
    Please remove or make sure it appears in the correct subdirectory of the classpath.
[ERROR] /C:/Users/Administrator/Downloads/WITS/src/main/java/com/message/chat/WITS/view/ChatView.java:[16,38] cannot access com.vaadin.flow.component.html.Image
  bad class file: C:\Users\Administrator\.m2\repository\com\vaadin\flow-html-components\25.0.7\flow-html-components-25.0.7.jar(/com/vaadin/flow/component/html/Image.class)
    class file has wrong version 65.0, should be 61.0
    Please remove or make sure it appears in the correct subdirectory of the classpath.
[ERROR] /C:/Users/Administrator/Downloads/WITS/src/main/java/com/message/chat/WITS/view/ChatView.java:[17,38] cannot access com.vaadin.flow.component.html.Paragraph
  bad class file: C:\Users\Administrator\.m2\repository\com\vaadin\flow-html-components\25.0.7\flow-html-components-25.0.7.jar(/com/vaadin/flow/component/html/Paragraph.class)
    class file has wrong version 65.0, should be 61.0
    Please remove or make sure it appears in the correct subdirectory of the classpath.
[ERROR] /C:/Users/Administrator/Downloads/WITS/src/main/java/com/message/chat/WITS/view/ChatView.java:[18,38] cannot access com.vaadin.flow.component.html.Span
  bad class file: C:\Users\Administrator\.m2\repository\com\vaadin\flow-html-components\25.0.7\flow-html-components-25.0.7.jar(/com/vaadin/flow/component/html/Span.class)
    class file has wrong version 65.0, should be 61.0
    Please remove or make sure it appears in the correct subdirectory of the classpath.
[ERROR] /C:/Users/Administrator/Downloads/WITS/src/main/java/com/message/chat/WITS/view/ChatView.java:[19,46] cannot access com.vaadin.flow.component.notification.Notification
  bad class file: C:\Users\Administrator\.m2\repository\com\vaadin\vaadin-notification-flow\25.0.6\vaadin-notification-flow-25.0.6.jar(/com/vaadin/flow/component/notification/Notification.class)
    class file has wrong version 65.0, should be 61.0
    Please remove or make sure it appears in the correct subdirectory of the classpath.
[ERROR] /C:/Users/Administrator/Downloads/WITS/src/main/java/com/message/chat/WITS/view/ChatView.java:[20,47] cannot access com.vaadin.flow.component.orderedlayout.HorizontalLayout
  bad class file: C:\Users\Administrator\.m2\repository\com\vaadin\vaadin-ordered-layout-flow\25.0.6\vaadin-ordered-layout-flow-25.0.6.jar(/com/vaadin/flow/component/orderedlayout/HorizontalLayout.class)
    class file has wrong version 65.0, should be 61.0
    Please remove or make sure it appears in the correct subdirectory of the classpath.
[ERROR] /C:/Users/Administrator/Downloads/WITS/src/main/java/com/message/chat/WITS/view/ChatView.java:[21,47] cannot access com.vaadin.flow.component.orderedlayout.VerticalLayout
  bad class file: C:\Users\Administrator\.m2\repository\com\vaadin\vaadin-ordered-layout-flow\25.0.6\vaadin-ordered-layout-flow-25.0.6.jar(/com/vaadin/flow/component/orderedlayout/VerticalLayout.class)
    class file has wrong version 65.0, should be 61.0
    Please remove or make sure it appears in the correct subdirectory of the classpath.
[ERROR] /C:/Users/Administrator/Downloads/WITS/src/main/java/com/message/chat/WITS/view/ChatView.java:[22,43] cannot access com.vaadin.flow.component.textfield.TextField
  bad class file: C:\Users\Administrator\.m2\repository\com\vaadin\vaadin-text-field-flow\25.0.6\vaadin-text-field-flow-25.0.6.jar(/com/vaadin/flow/component/textfield/TextField.class)
    class file has wrong version 65.0, should be 61.0
    Please remove or make sure it appears in the correct subdirectory of the classpath.
[ERROR] /C:/Users/Administrator/Downloads/WITS/src/main/java/com/message/chat/WITS/view/ChatView.java:[23,30] cannot access com.vaadin.flow.router.BeforeEvent
  bad class file: C:\Users\Administrator\.m2\repository\com\vaadin\flow-server\25.0.7\flow-server-25.0.7.jar(/com/vaadin/flow/router/BeforeEvent.class)
    class file has wrong version 65.0, should be 61.0
    Please remove or make sure it appears in the correct subdirectory of the classpath.
[ERROR] /C:/Users/Administrator/Downloads/WITS/src/main/java/com/message/chat/WITS/view/ChatView.java:[24,30] cannot access com.vaadin.flow.router.HasUrlParameter
  bad class file: C:\Users\Administrator\.m2\repository\com\vaadin\flow-server\25.0.7\flow-server-25.0.7.jar(/com/vaadin/flow/router/HasUrlParameter.class)
    class file has wrong version 65.0, should be 61.0
    Please remove or make sure it appears in the correct subdirectory of the classpath.
[ERROR] /C:/Users/Administrator/Downloads/WITS/src/main/java/com/message/chat/WITS/view/ChatView.java:[25,30] cannot access com.vaadin.flow.router.PageTitle
  bad class file: C:\Users\Administrator\.m2\repository\com\vaadin\flow-server\25.0.7\flow-server-25.0.7.jar(/com/vaadin/flow/router/PageTitle.class)
    class file has wrong version 65.0, should be 61.0
    Please remove or make sure it appears in the correct subdirectory of the classpath.
[ERROR] /C:/Users/Administrator/Downloads/WITS/src/main/java/com/message/chat/WITS/view/ChatView.java:[26,30] cannot access com.vaadin.flow.router.Route
  bad class file: C:\Users\Administrator\.m2\repository\com\vaadin\flow-server\25.0.7\flow-server-25.0.7.jar(/com/vaadin/flow/router/Route.class)
    class file has wrong version 65.0, should be 61.0
    Please remove or make sure it appears in the correct subdirectory of the classpath.
[ERROR] /C:/Users/Administrator/Downloads/WITS/src/main/java/com/message/chat/WITS/view/ChatView.java:[27,34] cannot access com.vaadin.flow.theme.lumo.LumoUtility
  bad class file: C:\Users\Administrator\.m2\repository\com\vaadin\vaadin-lumo-theme\25.0.6\vaadin-lumo-theme-25.0.6.jar(/com/vaadin/flow/theme/lumo/LumoUtility.class)
    class file has wrong version 65.0, should be 61.0
    Please remove or make sure it appears in the correct subdirectory of the classpath.
[ERROR] /C:/Users/Administrator/Downloads/WITS/src/main/java/com/message/chat/WITS/view/CreateServerView.java:[8,43] cannot access com.vaadin.flow.component.textfield.TextArea
  bad class file: C:\Users\Administrator\.m2\repository\com\vaadin\vaadin-text-field-flow\25.0.6\vaadin-text-field-flow-25.0.6.jar(/com/vaadin/flow/component/textfield/TextArea.class)
    class file has wrong version 65.0, should be 61.0
    Please remove or make sure it appears in the correct subdirectory of the classpath.
[ERROR] /C:/Users/Administrator/Downloads/WITS/src/main/java/com/message/chat/WITS/view/ExploreUsersView.java:[8,38] cannot access com.vaadin.flow.component.grid.Grid
  bad class file: C:\Users\Administrator\.m2\repository\com\vaadin\vaadin-grid-flow\25.0.6\vaadin-grid-flow-25.0.6.jar(/com/vaadin/flow/component/grid/Grid.class)
    class file has wrong version 65.0, should be 61.0
    Please remove or make sure it appears in the correct subdirectory of the classpath.
[ERROR] /C:/Users/Administrator/Downloads/WITS/src/main/java/com/message/chat/WITS/view/GroupChatView.java:[13,42] cannot access com.vaadin.flow.component.combobox.ComboBox
  bad class file: C:\Users\Administrator\.m2\repository\com\vaadin\vaadin-combo-box-flow\25.0.6\vaadin-combo-box-flow-25.0.6.jar(/com/vaadin/flow/component/combobox/ComboBox.class)
    class file has wrong version 65.0, should be 61.0
    Please remove or make sure it appears in the correct subdirectory of the classpath.
[ERROR] /C:/Users/Administrator/Downloads/WITS/src/main/java/com/message/chat/WITS/view/GroupChatView.java:[15,48] cannot access com.vaadin.flow.component.datetimepicker.DateTimePicker
  bad class file: C:\Users\Administrator\.m2\repository\com\vaadin\vaadin-date-time-picker-flow\25.0.6\vaadin-date-time-picker-flow-25.0.6.jar(/com/vaadin/flow/component/datetimepicker/DateTimePicker.class)
    class file has wrong version 65.0, should be 61.0
    Please remove or make sure it appears in the correct subdirectory of the classpath.
[ERROR] /C:/Users/Administrator/Downloads/WITS/src/main/java/com/message/chat/WITS/view/GroupChatView.java:[20,38] cannot access com.vaadin.flow.component.html.H3
  bad class file: C:\Users\Administrator\.m2\repository\com\vaadin\flow-html-components\25.0.7\flow-html-components-25.0.7.jar(/com/vaadin/flow/component/html/H3.class)
    class file has wrong version 65.0, should be 61.0
    Please remove or make sure it appears in the correct subdirectory of the classpath.
[ERROR] /C:/Users/Administrator/Downloads/WITS/src/main/java/com/message/chat/WITS/view/GroupChatView.java:[30,30] cannot access com.vaadin.flow.router.RouterLink
  bad class file: C:\Users\Administrator\.m2\repository\com\vaadin\flow-server\25.0.7\flow-server-25.0.7.jar(/com/vaadin/flow/router/RouterLink.class)
    class file has wrong version 65.0, should be 61.0
    Please remove or make sure it appears in the correct subdirectory of the classpath.
[ERROR] /C:/Users/Administrator/Downloads/WITS/src/main/java/com/message/chat/WITS/view/HelpView.java:[3,38] cannot access com.vaadin.flow.component.html.H1
  bad class file: C:\Users\Administrator\.m2\repository\com\vaadin\flow-html-components\25.0.7\flow-html-components-25.0.7.jar(/com/vaadin/flow/component/html/H1.class)
    class file has wrong version 65.0, should be 61.0
    Please remove or make sure it appears in the correct subdirectory of the classpath.
[ERROR] /C:/Users/Administrator/Downloads/WITS/src/main/java/com/message/chat/WITS/view/LoginView.java:[4,39] cannot access com.vaadin.flow.component.login.LoginForm
  bad class file: C:\Users\Administrator\.m2\repository\com\vaadin\vaadin-login-flow\25.0.6\vaadin-login-flow-25.0.6.jar(/com/vaadin/flow/component/login/LoginForm.class)
    class file has wrong version 65.0, should be 61.0
    Please remove or make sure it appears in the correct subdirectory of the classpath.
[ERROR] /C:/Users/Administrator/Downloads/WITS/src/main/java/com/message/chat/WITS/view/LoginView.java:[6,30] cannot access com.vaadin.flow.router.BeforeEnterEvent
  bad class file: C:\Users\Administrator\.m2\repository\com\vaadin\flow-server\25.0.7\flow-server-25.0.7.jar(/com/vaadin/flow/router/BeforeEnterEvent.class)
    class file has wrong version 65.0, should be 61.0
    Please remove or make sure it appears in the correct subdirectory of the classpath.
[ERROR] /C:/Users/Administrator/Downloads/WITS/src/main/java/com/message/chat/WITS/view/LoginView.java:[7,30] cannot access com.vaadin.flow.router.BeforeEnterObserver
  bad class file: C:\Users\Administrator\.m2\repository\com\vaadin\flow-server\25.0.7\flow-server-25.0.7.jar(/com/vaadin/flow/router/BeforeEnterObserver.class)
    class file has wrong version 65.0, should be 61.0
    Please remove or make sure it appears in the correct subdirectory of the classpath.
[ERROR] /C:/Users/Administrator/Downloads/WITS/src/main/java/com/message/chat/WITS/view/LoginView.java:[10,35] cannot access com.vaadin.flow.server.auth.AnonymousAllowed
  bad class file: C:\Users\Administrator\.m2\repository\com\vaadin\flow-server\25.0.7\flow-server-25.0.7.jar(/com/vaadin/flow/server/auth/AnonymousAllowed.class)
    class file has wrong version 65.0, should be 61.0
    Please remove or make sure it appears in the correct subdirectory of the classpath.
[ERROR] /C:/Users/Administrator/Downloads/WITS/src/main/java/com/message/chat/WITS/view/MainLayout.java:[6,43] cannot access com.vaadin.flow.component.applayout.AppLayout
  bad class file: C:\Users\Administrator\.m2\repository\com\vaadin\vaadin-app-layout-flow\25.0.6\vaadin-app-layout-flow-25.0.6.jar(/com/vaadin/flow/component/applayout/AppLayout.class)
    class file has wrong version 65.0, should be 61.0
    Please remove or make sure it appears in the correct subdirectory of the classpath.
[ERROR] /C:/Users/Administrator/Downloads/WITS/src/main/java/com/message/chat/WITS/view/MainLayout.java:[7,43] cannot access com.vaadin.flow.component.applayout.DrawerToggle
  bad class file: C:\Users\Administrator\.m2\repository\com\vaadin\vaadin-app-layout-flow\25.0.6\vaadin-app-layout-flow-25.0.6.jar(/com/vaadin/flow/component/applayout/DrawerToggle.class)
    class file has wrong version 65.0, should be 61.0
    Please remove or make sure it appears in the correct subdirectory of the classpath.
[ERROR] /C:/Users/Administrator/Downloads/WITS/src/main/java/com/message/chat/WITS/view/MainLayout.java:[11,47] cannot access com.vaadin.flow.component.orderedlayout.FlexComponent
  bad class file: C:\Users\Administrator\.m2\repository\com\vaadin\vaadin-ordered-layout-flow\25.0.6\vaadin-ordered-layout-flow-25.0.6.jar(/com/vaadin/flow/component/orderedlayout/FlexComponent.class)
    class file has wrong version 65.0, should be 61.0
    Please remove or make sure it appears in the correct subdirectory of the classpath.
[ERROR] /C:/Users/Administrator/Downloads/WITS/src/main/java/com/message/chat/WITS/view/ProfileView.java:[25,33] cannot access com.vaadin.flow.component.AbstractField
  bad class file: C:\Users\Administrator\.m2\repository\com\vaadin\flow-server\25.0.7\flow-server-25.0.7.jar(/com/vaadin/flow/component/AbstractField.class)
    class file has wrong version 65.0, should be 61.0
    Please remove or make sure it appears in the correct subdirectory of the classpath.
[ERROR] /C:/Users/Administrator/Downloads/WITS/src/main/java/com/message/chat/WITS/view/ProfileView.java:[26,33] cannot access com.vaadin.flow.component.HasValue
  bad class file: C:\Users\Administrator\.m2\repository\com\vaadin\flow-server\25.0.7\flow-server-25.0.7.jar(/com/vaadin/flow/component/HasValue.class)
    class file has wrong version 65.0, should be 61.0
    Please remove or make sure it appears in the correct subdirectory of the classpath.
[ERROR] /C:/Users/Administrator/Downloads/WITS/src/main/java/com/message/chat/WITS/view/RegistrationView.java:[3,44] cannot access com.vaadin.flow.component.datepicker.DatePicker
  bad class file: C:\Users\Administrator\.m2\repository\com\vaadin\vaadin-date-picker-flow\25.0.6\vaadin-date-picker-flow-25.0.6.jar(/com/vaadin/flow/component/datepicker/DatePicker.class)
    class file has wrong version 65.0, should be 61.0
    Please remove or make sure it appears in the correct subdirectory of the classpath.
[ERROR] /C:/Users/Administrator/Downloads/WITS/src/main/java/com/message/chat/WITS/view/RegistrationView.java:[7,43] cannot access com.vaadin.flow.component.textfield.EmailField
  bad class file: C:\Users\Administrator\.m2\repository\com\vaadin\vaadin-text-field-flow\25.0.6\vaadin-text-field-flow-25.0.6.jar(/com/vaadin/flow/component/textfield/EmailField.class)
    class file has wrong version 65.0, should be 61.0
    Please remove or make sure it appears in the correct subdirectory of the classpath.
[ERROR] /C:/Users/Administrator/Downloads/WITS/src/main/java/com/message/chat/WITS/view/RegistrationView.java:[8,43] cannot access com.vaadin.flow.component.textfield.PasswordField
  bad class file: C:\Users\Administrator\.m2\repository\com\vaadin\vaadin-text-field-flow\25.0.6\vaadin-text-field-flow-25.0.6.jar(/com/vaadin/flow/component/textfield/PasswordField.class)
    class file has wrong version 65.0, should be 61.0
    Please remove or make sure it appears in the correct subdirectory of the classpath.
[ERROR] /C:/Users/Administrator/Downloads/WITS/src/main/java/com/message/chat/WITS/view/ServerSettingsView.java:[7,42] cannot access com.vaadin.flow.component.checkbox.CheckboxGroup
  bad class file: C:\Users\Administrator\.m2\repository\com\vaadin\vaadin-checkbox-flow\25.0.6\vaadin-checkbox-flow-25.0.6.jar(/com/vaadin/flow/component/checkbox/CheckboxGroup.class)
    class file has wrong version 65.0, should be 61.0
    Please remove or make sure it appears in the correct subdirectory of the classpath.
[ERROR] /C:/Users/Administrator/Downloads/WITS/src/main/java/com/message/chat/WITS/view/ServerSettingsView.java:[12,38] cannot access com.vaadin.flow.component.tabs.Tab
  bad class file: C:\Users\Administrator\.m2\repository\com\vaadin\vaadin-tabs-flow\25.0.6\vaadin-tabs-flow-25.0.6.jar(/com/vaadin/flow/component/tabs/Tab.class)
    class file has wrong version 65.0, should be 61.0
    Please remove or make sure it appears in the correct subdirectory of the classpath.
[ERROR] /C:/Users/Administrator/Downloads/WITS/src/main/java/com/message/chat/WITS/view/ServerSettingsView.java:[13,38] cannot access com.vaadin.flow.component.tabs.Tabs
  bad class file: C:\Users\Administrator\.m2\repository\com\vaadin\vaadin-tabs-flow\25.0.6\vaadin-tabs-flow-25.0.6.jar(/com/vaadin/flow/component/tabs/Tabs.class)
    class file has wrong version 65.0, should be 61.0
    Please remove or make sure it appears in the correct subdirectory of the classpath.
[ERROR] /C:/Users/Administrator/Downloads/WITS/src/main/java/com/message/chat/WITS/view/ServerView.java:[11,38] cannot access com.vaadin.flow.component.icon.VaadinIcon
  bad class file: C:\Users\Administrator\.m2\repository\com\vaadin\vaadin-icons-flow\25.0.6\vaadin-icons-flow-25.0.6.jar(/com/vaadin/flow/component/icon/VaadinIcon.class)
    class file has wrong version 65.0, should be 61.0
    Please remove or make sure it appears in the correct subdirectory of the classpath.
[ERROR] /C:/Users/Administrator/Downloads/WITS/src/main/java/com/message/chat/WITS/view/ServerView.java:[17,30] cannot access com.vaadin.flow.router.OptionalParameter
  bad class file: C:\Users\Administrator\.m2\repository\com\vaadin\flow-server\25.0.7\flow-server-25.0.7.jar(/com/vaadin/flow/router/OptionalParameter.class)
    class file has wrong version 65.0, should be 61.0
    Please remove or make sure it appears in the correct subdirectory of the classpath.
[ERROR] /C:/Users/Administrator/Downloads/WITS/src/main/java/com/message/chat/WITS/view/SnapMapView.java:[8,44] cannot access com.vaadin.flow.component.dependency.JavaScript
  bad class file: C:\Users\Administrator\.m2\repository\com\vaadin\flow-server\25.0.7\flow-server-25.0.7.jar(/com/vaadin/flow/component/dependency/JavaScript.class)
    class file has wrong version 65.0, should be 61.0
    Please remove or make sure it appears in the correct subdirectory of the classpath.
[ERROR] /C:/Users/Administrator/Downloads/WITS/src/main/java/com/message/chat/WITS/view/SnapMapView.java:[9,44] cannot access com.vaadin.flow.component.dependency.StyleSheet
  bad class file: C:\Users\Administrator\.m2\repository\com\vaadin\flow-server\25.0.7\flow-server-25.0.7.jar(/com/vaadin/flow/component/dependency/StyleSheet.class)
    class file has wrong version 65.0, should be 61.0
    Please remove or make sure it appears in the correct subdirectory of the classpath.
[ERROR] /C:/Users/Administrator/Downloads/WITS/src/main/java/com/message/chat/WITS/view/SnapView.java:[16,40] cannot access com.vaadin.flow.component.select.Select
  bad class file: C:\Users\Administrator\.m2\repository\com\vaadin\vaadin-select-flow\25.0.6\vaadin-select-flow-25.0.6.jar(/com/vaadin/flow/component/select/Select.class)
    class file has wrong version 65.0, should be 61.0
    Please remove or make sure it appears in the correct subdirectory of the classpath.
[ERROR] /C:/Users/Administrator/Downloads/WITS/src/main/java/com/message/chat/WITS/security/SecurityConfig.java:[3,39] cannot find symbol
  symbol:   class VaadinWebSecurity
  location: package com.vaadin.flow.spring.security
[ERROR] /C:/Users/Administrator/Downloads/WITS/src/main/java/com/message/chat/WITS/security/SecurityConfig.java:[10,53] cannot find symbol
  symbol:   class AntPathRequestMatcher
  location: package org.springframework.security.web.util.matcher
[ERROR] /C:/Users/Administrator/Downloads/WITS/src/main/java/com/message/chat/WITS/security/SecurityConfig.java:[14,37] cannot find symbol
  symbol: class VaadinWebSecurity
[ERROR] /C:/Users/Administrator/Downloads/WITS/src/main/java/com/message/chat/WITS/service/InsForgeService.java:[5,47] package software.amazon.awssdk.auth.credentials does not exist
[ERROR] /C:/Users/Administrator/Downloads/WITS/src/main/java/com/message/chat/WITS/service/InsForgeService.java:[6,47] package software.amazon.awssdk.auth.credentials does not exist
[ERROR] /C:/Users/Administrator/Downloads/WITS/src/main/java/com/message/chat/WITS/service/InsForgeService.java:[7,38] package software.amazon.awssdk.regions does not exist
[ERROR] /C:/Users/Administrator/Downloads/WITS/src/main/java/com/message/chat/WITS/service/InsForgeService.java:[8,42] package software.amazon.awssdk.services.s3 does not exist
[ERROR] /C:/Users/Administrator/Downloads/WITS/src/main/java/com/message/chat/WITS/service/InsForgeService.java:[9,48] package software.amazon.awssdk.services.s3.model does not exist
[ERROR] /C:/Users/Administrator/Downloads/WITS/src/main/java/com/message/chat/WITS/service/InsForgeService.java:[10,40] package software.amazon.awssdk.core.sync does not exist
[ERROR] /C:/Users/Administrator/Downloads/WITS/src/main/java/com/message/chat/WITS/service/InsForgeService.java:[21,19] cannot find symbol
  symbol:   class S3Client
  location: class com.message.chat.WITS.service.InsForgeService
[ERROR] /C:/Users/Administrator/Downloads/WITS/src/main/java/com/message/chat/WITS/view/ChatView.java:[36,31] cannot find symbol
  symbol: class VerticalLayout
[ERROR] /C:/Users/Administrator/Downloads/WITS/src/main/java/com/message/chat/WITS/view/ChatView.java:[36,57] cannot find symbol
  symbol: class HasUrlParameter
[ERROR] /C:/Users/Administrator/Downloads/WITS/src/main/java/com/message/chat/WITS/view/ChatView.java:[33,2] cannot find symbol
  symbol: class Route
[ERROR] /C:/Users/Administrator/Downloads/WITS/src/main/java/com/message/chat/WITS/view/ChatView.java:[34,2] cannot find symbol
  symbol: class PageTitle
[ERROR] /C:/Users/Administrator/Downloads/WITS/src/main/java/com/message/chat/WITS/view/ChatView.java:[45,19] cannot find symbol
  symbol:   class VerticalLayout
  location: class com.message.chat.WITS.view.ChatView
[ERROR] /C:/Users/Administrator/Downloads/WITS/src/main/java/com/message/chat/WITS/view/ChatView.java:[46,19] cannot find symbol
  symbol:   class TextField
  location: class com.message.chat.WITS.view.ChatView
[ERROR] /C:/Users/Administrator/Downloads/WITS/src/main/java/com/message/chat/WITS/view/ChatView.java:[47,19] cannot find symbol
  symbol:   class H2
  location: class com.message.chat.WITS.view.ChatView
[ERROR] /C:/Users/Administrator/Downloads/WITS/src/main/java/com/message/chat/WITS/view/ChatView.java:[48,19] cannot find symbol
  symbol:   class HorizontalLayout
  location: class com.message.chat.WITS.view.ChatView
[ERROR] /C:/Users/Administrator/Downloads/WITS/src/main/java/com/message/chat/WITS/view/ChatView.java:[81,30] cannot find symbol
  symbol:   class BeforeEvent
  location: class com.message.chat.WITS.view.ChatView
[ERROR] /C:/Users/Administrator/Downloads/WITS/src/main/java/com/message/chat/WITS/view/CreateGroupView.java:[18,38] cannot find symbol
  symbol: class VerticalLayout
[ERROR] /C:/Users/Administrator/Downloads/WITS/src/main/java/com/message/chat/WITS/view/CreateGroupView.java:[15,2] cannot find symbol
  symbol: class Route
[ERROR] /C:/Users/Administrator/Downloads/WITS/src/main/java/com/message/chat/WITS/view/CreateGroupView.java:[16,2] cannot find symbol
  symbol: class PageTitle
[ERROR] /C:/Users/Administrator/Downloads/WITS/src/main/java/com/message/chat/WITS/view/CreateServerView.java:[17,39] cannot find symbol
  symbol: class VerticalLayout
[ERROR] /C:/Users/Administrator/Downloads/WITS/src/main/java/com/message/chat/WITS/view/CreateServerView.java:[14,2] cannot find symbol
  symbol: class Route
[ERROR] /C:/Users/Administrator/Downloads/WITS/src/main/java/com/message/chat/WITS/view/CreateServerView.java:[15,2] cannot find symbol
  symbol: class PageTitle
[ERROR] /C:/Users/Administrator/Downloads/WITS/src/main/java/com/message/chat/WITS/view/ExploreUsersView.java:[19,39] cannot find symbol
  symbol: class VerticalLayout
[ERROR] /C:/Users/Administrator/Downloads/WITS/src/main/java/com/message/chat/WITS/view/ExploreUsersView.java:[16,2] cannot find symbol
  symbol: class Route
[ERROR] /C:/Users/Administrator/Downloads/WITS/src/main/java/com/message/chat/WITS/view/ExploreUsersView.java:[17,2] cannot find symbol
  symbol: class PageTitle
[ERROR] /C:/Users/Administrator/Downloads/WITS/src/main/java/com/message/chat/WITS/view/FeedView.java:[28,31] cannot find symbol
  symbol: class VerticalLayout
[ERROR] /C:/Users/Administrator/Downloads/WITS/src/main/java/com/message/chat/WITS/view/FeedView.java:[25,2] cannot find symbol
  symbol: class Route
[ERROR] /C:/Users/Administrator/Downloads/WITS/src/main/java/com/message/chat/WITS/view/FeedView.java:[26,2] cannot find symbol
  symbol: class PageTitle
[ERROR] /C:/Users/Administrator/Downloads/WITS/src/main/java/com/message/chat/WITS/view/FeedView.java:[34,19] cannot find symbol
  symbol:   class VerticalLayout
  location: class com.message.chat.WITS.view.FeedView
[ERROR] /C:/Users/Administrator/Downloads/WITS/src/main/java/com/message/chat/WITS/view/FeedView.java:[57,13] cannot find symbol
  symbol:   class Div
  location: class com.message.chat.WITS.view.FeedView
[ERROR] /C:/Users/Administrator/Downloads/WITS/src/main/java/com/message/chat/WITS/view/FeedView.java:[99,13] cannot find symbol
  symbol:   class Div
  location: class com.message.chat.WITS.view.FeedView
[ERROR] /C:/Users/Administrator/Downloads/WITS/src/main/java/com/message/chat/WITS/view/FriendsView.java:[24,34] cannot find symbol
  symbol: class VerticalLayout
[ERROR] /C:/Users/Administrator/Downloads/WITS/src/main/java/com/message/chat/WITS/view/FriendsView.java:[21,2] cannot find symbol
  symbol: class Route
[ERROR] /C:/Users/Administrator/Downloads/WITS/src/main/java/com/message/chat/WITS/view/FriendsView.java:[22,2] cannot find symbol
  symbol: class PageTitle
[ERROR] /C:/Users/Administrator/Downloads/WITS/src/main/java/com/message/chat/WITS/view/FriendsView.java:[30,19] cannot find symbol
  symbol:   class Grid
  location: class com.message.chat.WITS.view.FriendsView
[ERROR] /C:/Users/Administrator/Downloads/WITS/src/main/java/com/message/chat/WITS/view/FriendsView.java:[31,19] cannot find symbol
  symbol:   class Grid
  location: class com.message.chat.WITS.view.FriendsView
[ERROR] /C:/Users/Administrator/Downloads/WITS/src/main/java/com/message/chat/WITS/view/GroupChatView.java:[40,36] cannot find symbol
  symbol: class VerticalLayout
[ERROR] /C:/Users/Administrator/Downloads/WITS/src/main/java/com/message/chat/WITS/view/GroupChatView.java:[40,62] cannot find symbol
  symbol: class HasUrlParameter
[ERROR] /C:/Users/Administrator/Downloads/WITS/src/main/java/com/message/chat/WITS/view/GroupChatView.java:[37,2] cannot find symbol
  symbol: class Route
[ERROR] /C:/Users/Administrator/Downloads/WITS/src/main/java/com/message/chat/WITS/view/GroupChatView.java:[38,2] cannot find symbol
  symbol: class PageTitle
[ERROR] /C:/Users/Administrator/Downloads/WITS/src/main/java/com/message/chat/WITS/view/GroupChatView.java:[47,19] cannot find symbol
  symbol:   class VerticalLayout
  location: class GroupChatView
[ERROR] /C:/Users/Administrator/Downloads/WITS/src/main/java/com/message/chat/WITS/view/GroupChatView.java:[48,19] cannot find symbol
  symbol:   class TextField
  location: class GroupChatView
[ERROR] /C:/Users/Administrator/Downloads/WITS/src/main/java/com/message/chat/WITS/view/GroupChatView.java:[49,19] cannot find symbol
  symbol:   class TextField
  location: class GroupChatView
[ERROR] /C:/Users/Administrator/Downloads/WITS/src/main/java/com/message/chat/WITS/view/GroupChatView.java:[50,19] cannot find symbol
  symbol:   class H2
  location: class GroupChatView
[ERROR] /C:/Users/Administrator/Downloads/WITS/src/main/java/com/message/chat/WITS/view/GroupChatView.java:[51,19] cannot find symbol
  symbol:   class HorizontalLayout
  location: class GroupChatView
[ERROR] /C:/Users/Administrator/Downloads/WITS/src/main/java/com/message/chat/WITS/view/GroupChatView.java:[128,30] cannot find symbol
  symbol:   class BeforeEvent
  location: class GroupChatView
[ERROR] /C:/Users/Administrator/Downloads/WITS/src/main/java/com/message/chat/WITS/view/GroupManagementView.java:[27,42] cannot find symbol
  symbol: class VerticalLayout
[ERROR] /C:/Users/Administrator/Downloads/WITS/src/main/java/com/message/chat/WITS/view/GroupManagementView.java:[27,68] cannot find symbol
  symbol: class HasUrlParameter
[ERROR] /C:/Users/Administrator/Downloads/WITS/src/main/java/com/message/chat/WITS/view/GroupManagementView.java:[24,2] cannot find symbol
  symbol: class Route
[ERROR] /C:/Users/Administrator/Downloads/WITS/src/main/java/com/message/chat/WITS/view/GroupManagementView.java:[25,2] cannot find symbol
  symbol: class PageTitle
[ERROR] /C:/Users/Administrator/Downloads/WITS/src/main/java/com/message/chat/WITS/view/GroupManagementView.java:[33,19] cannot find symbol
  symbol:   class TextField
  location: class com.message.chat.WITS.view.GroupManagementView
[INFO] 100 errors 
[INFO] -------------------------------------------------------------
[INFO] ------------------------------------------------------------------------
[INFO] BUILD FAILURE
[INFO] ------------------------------------------------------------------------
[INFO] Total time:  10.885 s
[INFO] Finished at: 2026-03-07T11:10:31+05:30
[INFO] ------------------------------------------------------------------------
[ERROR] Failed to execute goal org.apache.maven.plugins:maven-compiler-plugin:3.14.1:compile (default-compile) on project WITS: Compilation failure: Compilation failure: 
[ERROR] /C:/Users/Administrator/Downloads/WITS/src/main/java/com/message/chat/WITS/security/SecurityService.java:[5,33] cannot access com.vaadin.flow.component.UI
[ERROR]   bad class file: C:\Users\Administrator\.m2\repository\com\vaadin\flow-server\25.0.7\flow-server-25.0.7.jar(/com/vaadin/flow/component/UI.class)
[ERROR]     class file has wrong version 65.0, should be 61.0
[ERROR]     Please remove or make sure it appears in the correct subdirectory of the classpath.
[ERROR] /C:/Users/Administrator/Downloads/WITS/src/main/java/com/message/chat/WITS/security/SecurityService.java:[6,30] cannot access com.vaadin.flow.server.VaadinServletRequest
[ERROR]   bad class file: C:\Users\Administrator\.m2\repository\com\vaadin\flow-server\25.0.7\flow-server-25.0.7.jar(/com/vaadin/flow/server/VaadinServletRequest.class)
[ERROR]     class file has wrong version 65.0, should be 61.0
[ERROR]     Please remove or make sure it appears in the correct subdirectory of the classpath.
[ERROR] /C:/Users/Administrator/Downloads/WITS/src/main/java/com/message/chat/WITS/view/ChatView.java:[11,40] cannot access com.vaadin.flow.component.button.Button
[ERROR]   bad class file: C:\Users\Administrator\.m2\repository\com\vaadin\vaadin-button-flow\25.0.6\vaadin-button-flow-25.0.6.jar(/com/vaadin/flow/component/button/Button.class)
[ERROR]     class file has wrong version 65.0, should be 61.0
[ERROR]     Please remove or make sure it appears in the correct subdirectory of the classpath.
[ERROR] /C:/Users/Administrator/Downloads/WITS/src/main/java/com/message/chat/WITS/view/ChatView.java:[12,45] cannot access com.vaadin.flow.component.contextmenu.ContextMenu
[ERROR]   bad class file: C:\Users\Administrator\.m2\repository\com\vaadin\vaadin-context-menu-flow\25.0.6\vaadin-context-menu-flow-25.0.6.jar(/com/vaadin/flow/component/contextmenu/ContextMenu.class)
[ERROR]     class file has wrong version 65.0, should be 61.0
[ERROR]     Please remove or make sure it appears in the correct subdirectory of the classpath.
[ERROR] /C:/Users/Administrator/Downloads/WITS/src/main/java/com/message/chat/WITS/view/ChatView.java:[13,40] cannot access com.vaadin.flow.component.dialog.Dialog
[ERROR]   bad class file: C:\Users\Administrator\.m2\repository\com\vaadin\vaadin-dialog-flow\25.0.6\vaadin-dialog-flow-25.0.6.jar(/com/vaadin/flow/component/dialog/Dialog.class)
[ERROR]     class file has wrong version 65.0, should be 61.0
[ERROR]     Please remove or make sure it appears in the correct subdirectory of the classpath.
[ERROR] /C:/Users/Administrator/Downloads/WITS/src/main/java/com/message/chat/WITS/view/ChatView.java:[14,38] cannot access com.vaadin.flow.component.html.Div
[ERROR]   bad class file: C:\Users\Administrator\.m2\repository\com\vaadin\flow-html-components\25.0.7\flow-html-components-25.0.7.jar(/com/vaadin/flow/component/html/Div.class)
[ERROR]     class file has wrong version 65.0, should be 61.0
[ERROR]     Please remove or make sure it appears in the correct subdirectory of the classpath.
[ERROR] /C:/Users/Administrator/Downloads/WITS/src/main/java/com/message/chat/WITS/view/ChatView.java:[15,38] cannot access com.vaadin.flow.component.html.H2
[ERROR]   bad class file: C:\Users\Administrator\.m2\repository\com\vaadin\flow-html-components\25.0.7\flow-html-components-25.0.7.jar(/com/vaadin/flow/component/html/H2.class)
[ERROR]     class file has wrong version 65.0, should be 61.0
[ERROR]     Please remove or make sure it appears in the correct subdirectory of the classpath.
[ERROR] /C:/Users/Administrator/Downloads/WITS/src/main/java/com/message/chat/WITS/view/ChatView.java:[16,38] cannot access com.vaadin.flow.component.html.Image
[ERROR]   bad class file: C:\Users\Administrator\.m2\repository\com\vaadin\flow-html-components\25.0.7\flow-html-components-25.0.7.jar(/com/vaadin/flow/component/html/Image.class)
[ERROR]     class file has wrong version 65.0, should be 61.0
[ERROR]     Please remove or make sure it appears in the correct subdirectory of the classpath.
[ERROR] /C:/Users/Administrator/Downloads/WITS/src/main/java/com/message/chat/WITS/view/ChatView.java:[17,38] cannot access com.vaadin.flow.component.html.Paragraph
[ERROR]   bad class file: C:\Users\Administrator\.m2\repository\com\vaadin\flow-html-components\25.0.7\flow-html-components-25.0.7.jar(/com/vaadin/flow/component/html/Paragraph.class)
[ERROR]     class file has wrong version 65.0, should be 61.0
[ERROR]     Please remove or make sure it appears in the correct subdirectory of the classpath.
[ERROR] /C:/Users/Administrator/Downloads/WITS/src/main/java/com/message/chat/WITS/view/ChatView.java:[18,38] cannot access com.vaadin.flow.component.html.Span
[ERROR]   bad class file: C:\Users\Administrator\.m2\repository\com\vaadin\flow-html-components\25.0.7\flow-html-components-25.0.7.jar(/com/vaadin/flow/component/html/Span.class)
[ERROR]     class file has wrong version 65.0, should be 61.0
[ERROR]     Please remove or make sure it appears in the correct subdirectory of the classpath.
[ERROR] /C:/Users/Administrator/Downloads/WITS/src/main/java/com/message/chat/WITS/view/ChatView.java:[19,46] cannot access com.vaadin.flow.component.notification.Notification
[ERROR]   bad class file: C:\Users\Administrator\.m2\repository\com\vaadin\vaadin-notification-flow\25.0.6\vaadin-notification-flow-25.0.6.jar(/com/vaadin/flow/component/notification/Notification.class)
[ERROR]     class file has wrong version 65.0, should be 61.0
[ERROR]     Please remove or make sure it appears in the correct subdirectory of the classpath.
[ERROR] /C:/Users/Administrator/Downloads/WITS/src/main/java/com/message/chat/WITS/view/ChatView.java:[20,47] cannot access com.vaadin.flow.component.orderedlayout.HorizontalLayout
[ERROR]   bad class file: C:\Users\Administrator\.m2\repository\com\vaadin\vaadin-ordered-layout-flow\25.0.6\vaadin-ordered-layout-flow-25.0.6.jar(/com/vaadin/flow/component/orderedlayout/HorizontalLayout.class)
[ERROR]     class file has wrong version 65.0, should be 61.0
[ERROR]     Please remove or make sure it appears in the correct subdirectory of the classpath.
[ERROR] /C:/Users/Administrator/Downloads/WITS/src/main/java/com/message/chat/WITS/view/ChatView.java:[21,47] cannot access com.vaadin.flow.component.orderedlayout.VerticalLayout
[ERROR]   bad class file: C:\Users\Administrator\.m2\repository\com\vaadin\vaadin-ordered-layout-flow\25.0.6\vaadin-ordered-layout-flow-25.0.6.jar(/com/vaadin/flow/component/orderedlayout/VerticalLayout.class)
[ERROR]     class file has wrong version 65.0, should be 61.0
[ERROR]     Please remove or make sure it appears in the correct subdirectory of the classpath.
[ERROR] /C:/Users/Administrator/Downloads/WITS/src/main/java/com/message/chat/WITS/view/ChatView.java:[22,43] cannot access com.vaadin.flow.component.textfield.TextField
[ERROR]   bad class file: C:\Users\Administrator\.m2\repository\com\vaadin\vaadin-text-field-flow\25.0.6\vaadin-text-field-flow-25.0.6.jar(/com/vaadin/flow/component/textfield/TextField.class)
[ERROR]     class file has wrong version 65.0, should be 61.0
[ERROR]     Please remove or make sure it appears in the correct subdirectory of the classpath.
[ERROR] /C:/Users/Administrator/Downloads/WITS/src/main/java/com/message/chat/WITS/view/ChatView.java:[23,30] cannot access com.vaadin.flow.router.BeforeEvent
[ERROR]   bad class file: C:\Users\Administrator\.m2\repository\com\vaadin\flow-server\25.0.7\flow-server-25.0.7.jar(/com/vaadin/flow/router/BeforeEvent.class)
[ERROR]     class file has wrong version 65.0, should be 61.0
[ERROR]     Please remove or make sure it appears in the correct subdirectory of the classpath.
[ERROR] /C:/Users/Administrator/Downloads/WITS/src/main/java/com/message/chat/WITS/view/ChatView.java:[24,30] cannot access com.vaadin.flow.router.HasUrlParameter
[ERROR]   bad class file: C:\Users\Administrator\.m2\repository\com\vaadin\flow-server\25.0.7\flow-server-25.0.7.jar(/com/vaadin/flow/router/HasUrlParameter.class)
[ERROR]     class file has wrong version 65.0, should be 61.0
[ERROR]     Please remove or make sure it appears in the correct subdirectory of the classpath.
[ERROR] /C:/Users/Administrator/Downloads/WITS/src/main/java/com/message/chat/WITS/view/ChatView.java:[25,30] cannot access com.vaadin.flow.router.PageTitle
[ERROR]   bad class file: C:\Users\Administrator\.m2\repository\com\vaadin\flow-server\25.0.7\flow-server-25.0.7.jar(/com/vaadin/flow/router/PageTitle.class)
[ERROR]     class file has wrong version 65.0, should be 61.0
[ERROR]     Please remove or make sure it appears in the correct subdirectory of the classpath.
[ERROR] /C:/Users/Administrator/Downloads/WITS/src/main/java/com/message/chat/WITS/view/ChatView.java:[26,30] cannot access com.vaadin.flow.router.Route
[ERROR]   bad class file: C:\Users\Administrator\.m2\repository\com\vaadin\flow-server\25.0.7\flow-server-25.0.7.jar(/com/vaadin/flow/router/Route.class)
[ERROR]     class file has wrong version 65.0, should be 61.0
[ERROR]     Please remove or make sure it appears in the correct subdirectory of the classpath.
[ERROR] /C:/Users/Administrator/Downloads/WITS/src/main/java/com/message/chat/WITS/view/ChatView.java:[27,34] cannot access com.vaadin.flow.theme.lumo.LumoUtility
[ERROR]   bad class file: C:\Users\Administrator\.m2\repository\com\vaadin\vaadin-lumo-theme\25.0.6\vaadin-lumo-theme-25.0.6.jar(/com/vaadin/flow/theme/lumo/LumoUtility.class)
[ERROR]     class file has wrong version 65.0, should be 61.0
[ERROR]     Please remove or make sure it appears in the correct subdirectory of the classpath.
[ERROR] /C:/Users/Administrator/Downloads/WITS/src/main/java/com/message/chat/WITS/view/CreateServerView.java:[8,43] cannot access com.vaadin.flow.component.textfield.TextArea
[ERROR]   bad class file: C:\Users\Administrator\.m2\repository\com\vaadin\vaadin-text-field-flow\25.0.6\vaadin-text-field-flow-25.0.6.jar(/com/vaadin/flow/component/textfield/TextArea.class)
[ERROR]     class file has wrong version 65.0, should be 61.0
[ERROR]     Please remove or make sure it appears in the correct subdirectory of the classpath.
[ERROR] /C:/Users/Administrator/Downloads/WITS/src/main/java/com/message/chat/WITS/view/ExploreUsersView.java:[8,38] cannot access com.vaadin.flow.component.grid.Grid
[ERROR]   bad class file: C:\Users\Administrator\.m2\repository\com\vaadin\vaadin-grid-flow\25.0.6\vaadin-grid-flow-25.0.6.jar(/com/vaadin/flow/component/grid/Grid.class)
[ERROR]     class file has wrong version 65.0, should be 61.0
[ERROR]     Please remove or make sure it appears in the correct subdirectory of the classpath.
[ERROR] /C:/Users/Administrator/Downloads/WITS/src/main/java/com/message/chat/WITS/view/GroupChatView.java:[13,42] cannot access com.vaadin.flow.component.combobox.ComboBox
[ERROR]   bad class file: C:\Users\Administrator\.m2\repository\com\vaadin\vaadin-combo-box-flow\25.0.6\vaadin-combo-box-flow-25.0.6.jar(/com/vaadin/flow/component/combobox/ComboBox.class)
[ERROR]     class file has wrong version 65.0, should be 61.0
[ERROR]     Please remove or make sure it appears in the correct subdirectory of the classpath.
[ERROR] /C:/Users/Administrator/Downloads/WITS/src/main/java/com/message/chat/WITS/view/GroupChatView.java:[15,48] cannot access com.vaadin.flow.component.datetimepicker.DateTimePicker
[ERROR]   bad class file: C:\Users\Administrator\.m2\repository\com\vaadin\vaadin-date-time-picker-flow\25.0.6\vaadin-date-time-picker-flow-25.0.6.jar(/com/vaadin/flow/component/datetimepicker/DateTimePicker.class)
[ERROR]     class file has wrong version 65.0, should be 61.0
[ERROR]     Please remove or make sure it appears in the correct subdirectory of the classpath.
[ERROR] /C:/Users/Administrator/Downloads/WITS/src/main/java/com/message/chat/WITS/view/GroupChatView.java:[20,38] cannot access com.vaadin.flow.component.html.H3
[ERROR]   bad class file: C:\Users\Administrator\.m2\repository\com\vaadin\flow-html-components\25.0.7\flow-html-components-25.0.7.jar(/com/vaadin/flow/component/html/H3.class)
[ERROR]     class file has wrong version 65.0, should be 61.0
[ERROR]     Please remove or make sure it appears in the correct subdirectory of the classpath.
[ERROR] /C:/Users/Administrator/Downloads/WITS/src/main/java/com/message/chat/WITS/view/GroupChatView.java:[30,30] cannot access com.vaadin.flow.router.RouterLink
[ERROR]   bad class file: C:\Users\Administrator\.m2\repository\com\vaadin\flow-server\25.0.7\flow-server-25.0.7.jar(/com/vaadin/flow/router/RouterLink.class)
[ERROR]     class file has wrong version 65.0, should be 61.0
[ERROR]     Please remove or make sure it appears in the correct subdirectory of the classpath.
[ERROR] /C:/Users/Administrator/Downloads/WITS/src/main/java/com/message/chat/WITS/view/HelpView.java:[3,38] cannot access com.vaadin.flow.component.html.H1
[ERROR]   bad class file: C:\Users\Administrator\.m2\repository\com\vaadin\flow-html-components\25.0.7\flow-html-components-25.0.7.jar(/com/vaadin/flow/component/html/H1.class)
[ERROR]     class file has wrong version 65.0, should be 61.0
[ERROR]     Please remove or make sure it appears in the correct subdirectory of the classpath.
[ERROR] /C:/Users/Administrator/Downloads/WITS/src/main/java/com/message/chat/WITS/view/LoginView.java:[4,39] cannot access com.vaadin.flow.component.login.LoginForm
[ERROR]   bad class file: C:\Users\Administrator\.m2\repository\com\vaadin\vaadin-login-flow\25.0.6\vaadin-login-flow-25.0.6.jar(/com/vaadin/flow/component/login/LoginForm.class)
[ERROR]     class file has wrong version 65.0, should be 61.0
[ERROR]     Please remove or make sure it appears in the correct subdirectory of the classpath.
[ERROR] /C:/Users/Administrator/Downloads/WITS/src/main/java/com/message/chat/WITS/view/LoginView.java:[6,30] cannot access com.vaadin.flow.router.BeforeEnterEvent
[ERROR]   bad class file: C:\Users\Administrator\.m2\repository\com\vaadin\flow-server\25.0.7\flow-server-25.0.7.jar(/com/vaadin/flow/router/BeforeEnterEvent.class)
[ERROR]     class file has wrong version 65.0, should be 61.0
[ERROR]     Please remove or make sure it appears in the correct subdirectory of the classpath.
[ERROR] /C:/Users/Administrator/Downloads/WITS/src/main/java/com/message/chat/WITS/view/LoginView.java:[7,30] cannot access com.vaadin.flow.router.BeforeEnterObserver
[ERROR]   bad class file: C:\Users\Administrator\.m2\repository\com\vaadin\flow-server\25.0.7\flow-server-25.0.7.jar(/com/vaadin/flow/router/BeforeEnterObserver.class)
[ERROR]     class file has wrong version 65.0, should be 61.0
[ERROR]     Please remove or make sure it appears in the correct subdirectory of the classpath.
[ERROR] /C:/Users/Administrator/Downloads/WITS/src/main/java/com/message/chat/WITS/view/LoginView.java:[10,35] cannot access com.vaadin.flow.server.auth.AnonymousAllowed
[ERROR]   bad class file: C:\Users\Administrator\.m2\repository\com\vaadin\flow-server\25.0.7\flow-server-25.0.7.jar(/com/vaadin/flow/server/auth/AnonymousAllowed.class)
[ERROR]     class file has wrong version 65.0, should be 61.0
[ERROR]     Please remove or make sure it appears in the correct subdirectory of the classpath.
[ERROR] /C:/Users/Administrator/Downloads/WITS/src/main/java/com/message/chat/WITS/view/MainLayout.java:[6,43] cannot access com.vaadin.flow.component.applayout.AppLayout
[ERROR]   bad class file: C:\Users\Administrator\.m2\repository\com\vaadin\vaadin-app-layout-flow\25.0.6\vaadin-app-layout-flow-25.0.6.jar(/com/vaadin/flow/component/applayout/AppLayout.class)
[ERROR]     class file has wrong version 65.0, should be 61.0
[ERROR]     Please remove or make sure it appears in the correct subdirectory of the classpath.
[ERROR] /C:/Users/Administrator/Downloads/WITS/src/main/java/com/message/chat/WITS/view/MainLayout.java:[7,43] cannot access com.vaadin.flow.component.applayout.DrawerToggle
[ERROR]   bad class file: C:\Users\Administrator\.m2\repository\com\vaadin\vaadin-app-layout-flow\25.0.6\vaadin-app-layout-flow-25.0.6.jar(/com/vaadin/flow/component/applayout/DrawerToggle.class)
[ERROR]     class file has wrong version 65.0, should be 61.0
[ERROR]     Please remove or make sure it appears in the correct subdirectory of the classpath.
[ERROR] /C:/Users/Administrator/Downloads/WITS/src/main/java/com/message/chat/WITS/view/MainLayout.java:[11,47] cannot access com.vaadin.flow.component.orderedlayout.FlexComponent
[ERROR]   bad class file: C:\Users\Administrator\.m2\repository\com\vaadin\vaadin-ordered-layout-flow\25.0.6\vaadin-ordered-layout-flow-25.0.6.jar(/com/vaadin/flow/component/orderedlayout/FlexComponent.class)
[ERROR]     class file has wrong version 65.0, should be 61.0
[ERROR]     Please remove or make sure it appears in the correct subdirectory of the classpath.
[ERROR] /C:/Users/Administrator/Downloads/WITS/src/main/java/com/message/chat/WITS/view/ProfileView.java:[25,33] cannot access com.vaadin.flow.component.AbstractField
[ERROR]   bad class file: C:\Users\Administrator\.m2\repository\com\vaadin\flow-server\25.0.7\flow-server-25.0.7.jar(/com/vaadin/flow/component/AbstractField.class)
[ERROR]     class file has wrong version 65.0, should be 61.0
[ERROR]     Please remove or make sure it appears in the correct subdirectory of the classpath.
[ERROR] /C:/Users/Administrator/Downloads/WITS/src/main/java/com/message/chat/WITS/view/ProfileView.java:[26,33] cannot access com.vaadin.flow.component.HasValue
[ERROR]   bad class file: C:\Users\Administrator\.m2\repository\com\vaadin\flow-server\25.0.7\flow-server-25.0.7.jar(/com/vaadin/flow/component/HasValue.class)
[ERROR]     class file has wrong version 65.0, should be 61.0
[ERROR]     Please remove or make sure it appears in the correct subdirectory of the classpath.
[ERROR] /C:/Users/Administrator/Downloads/WITS/src/main/java/com/message/chat/WITS/view/RegistrationView.java:[3,44] cannot access com.vaadin.flow.component.datepicker.DatePicker
[ERROR]   bad class file: C:\Users\Administrator\.m2\repository\com\vaadin\vaadin-date-picker-flow\25.0.6\vaadin-date-picker-flow-25.0.6.jar(/com/vaadin/flow/component/datepicker/DatePicker.class)
[ERROR]     class file has wrong version 65.0, should be 61.0
[ERROR]     Please remove or make sure it appears in the correct subdirectory of the classpath.
[ERROR] /C:/Users/Administrator/Downloads/WITS/src/main/java/com/message/chat/WITS/view/RegistrationView.java:[7,43] cannot access com.vaadin.flow.component.textfield.EmailField
[ERROR]   bad class file: C:\Users\Administrator\.m2\repository\com\vaadin\vaadin-text-field-flow\25.0.6\vaadin-text-field-flow-25.0.6.jar(/com/vaadin/flow/component/textfield/EmailField.class)
[ERROR]     class file has wrong version 65.0, should be 61.0
[ERROR]     Please remove or make sure it appears in the correct subdirectory of the classpath.
[ERROR] /C:/Users/Administrator/Downloads/WITS/src/main/java/com/message/chat/WITS/view/RegistrationView.java:[8,43] cannot access com.vaadin.flow.component.textfield.PasswordField
[ERROR]   bad class file: C:\Users\Administrator\.m2\repository\com\vaadin\vaadin-text-field-flow\25.0.6\vaadin-text-field-flow-25.0.6.jar(/com/vaadin/flow/component/textfield/PasswordField.class)
[ERROR]     class file has wrong version 65.0, should be 61.0
[ERROR]     Please remove or make sure it appears in the correct subdirectory of the classpath.
[ERROR] /C:/Users/Administrator/Downloads/WITS/src/main/java/com/message/chat/WITS/view/ServerSettingsView.java:[7,42] cannot access com.vaadin.flow.component.checkbox.CheckboxGroup
[ERROR]   bad class file: C:\Users\Administrator\.m2\repository\com\vaadin\vaadin-checkbox-flow\25.0.6\vaadin-checkbox-flow-25.0.6.jar(/com/vaadin/flow/component/checkbox/CheckboxGroup.class)
[ERROR]     class file has wrong version 65.0, should be 61.0
[ERROR]     Please remove or make sure it appears in the correct subdirectory of the classpath.
[ERROR] /C:/Users/Administrator/Downloads/WITS/src/main/java/com/message/chat/WITS/view/ServerSettingsView.java:[12,38] cannot access com.vaadin.flow.component.tabs.Tab
[ERROR]   bad class file: C:\Users\Administrator\.m2\repository\com\vaadin\vaadin-tabs-flow\25.0.6\vaadin-tabs-flow-25.0.6.jar(/com/vaadin/flow/component/tabs/Tab.class)
[ERROR]     class file has wrong version 65.0, should be 61.0
[ERROR]     Please remove or make sure it appears in the correct subdirectory of the classpath.
[ERROR] /C:/Users/Administrator/Downloads/WITS/src/main/java/com/message/chat/WITS/view/ServerSettingsView.java:[13,38] cannot access com.vaadin.flow.component.tabs.Tabs
[ERROR]   bad class file: C:\Users\Administrator\.m2\repository\com\vaadin\vaadin-tabs-flow\25.0.6\vaadin-tabs-flow-25.0.6.jar(/com/vaadin/flow/component/tabs/Tabs.class)
[ERROR]     class file has wrong version 65.0, should be 61.0
[ERROR]     Please remove or make sure it appears in the correct subdirectory of the classpath.
[ERROR] /C:/Users/Administrator/Downloads/WITS/src/main/java/com/message/chat/WITS/view/ServerView.java:[11,38] cannot access com.vaadin.flow.component.icon.VaadinIcon
[ERROR]   bad class file: C:\Users\Administrator\.m2\repository\com\vaadin\vaadin-icons-flow\25.0.6\vaadin-icons-flow-25.0.6.jar(/com/vaadin/flow/component/icon/VaadinIcon.class)
[ERROR]     class file has wrong version 65.0, should be 61.0
[ERROR]     Please remove or make sure it appears in the correct subdirectory of the classpath.
[ERROR] /C:/Users/Administrator/Downloads/WITS/src/main/java/com/message/chat/WITS/view/ServerView.java:[17,30] cannot access com.vaadin.flow.router.OptionalParameter
[ERROR]   bad class file: C:\Users\Administrator\.m2\repository\com\vaadin\flow-server\25.0.7\flow-server-25.0.7.jar(/com/vaadin/flow/router/OptionalParameter.class)
[ERROR]     class file has wrong version 65.0, should be 61.0
[ERROR]     Please remove or make sure it appears in the correct subdirectory of the classpath.
[ERROR] /C:/Users/Administrator/Downloads/WITS/src/main/java/com/message/chat/WITS/view/SnapMapView.java:[8,44] cannot access com.vaadin.flow.component.dependency.JavaScript
[ERROR]   bad class file: C:\Users\Administrator\.m2\repository\com\vaadin\flow-server\25.0.7\flow-server-25.0.7.jar(/com/vaadin/flow/component/dependency/JavaScript.class)
[ERROR]     class file has wrong version 65.0, should be 61.0
[ERROR]     Please remove or make sure it appears in the correct subdirectory of the classpath.
[ERROR] /C:/Users/Administrator/Downloads/WITS/src/main/java/com/message/chat/WITS/view/SnapMapView.java:[9,44] cannot access com.vaadin.flow.component.dependency.StyleSheet
[ERROR]   bad class file: C:\Users\Administrator\.m2\repository\com\vaadin\flow-server\25.0.7\flow-server-25.0.7.jar(/com/vaadin/flow/component/dependency/StyleSheet.class)
[ERROR]     class file has wrong version 65.0, should be 61.0
[ERROR]     Please remove or make sure it appears in the correct subdirectory of the classpath.
[ERROR] /C:/Users/Administrator/Downloads/WITS/src/main/java/com/message/chat/WITS/view/SnapView.java:[16,40] cannot access com.vaadin.flow.component.select.Select
[ERROR]   bad class file: C:\Users\Administrator\.m2\repository\com\vaadin\vaadin-select-flow\25.0.6\vaadin-select-flow-25.0.6.jar(/com/vaadin/flow/component/select/Select.class)
[ERROR]     class file has wrong version 65.0, should be 61.0
[ERROR]     Please remove or make sure it appears in the correct subdirectory of the classpath.
[ERROR] /C:/Users/Administrator/Downloads/WITS/src/main/java/com/message/chat/WITS/security/SecurityConfig.java:[3,39] cannot find symbol
[ERROR]   symbol:   class VaadinWebSecurity
[ERROR]   location: package com.vaadin.flow.spring.security
[ERROR] /C:/Users/Administrator/Downloads/WITS/src/main/java/com/message/chat/WITS/security/SecurityConfig.java:[10,53] cannot find symbol
[ERROR]   symbol:   class AntPathRequestMatcher
[ERROR]   location: package org.springframework.security.web.util.matcher
[ERROR] /C:/Users/Administrator/Downloads/WITS/src/main/java/com/message/chat/WITS/security/SecurityConfig.java:[14,37] cannot find symbol
[ERROR]   symbol: class VaadinWebSecurity
[ERROR] /C:/Users/Administrator/Downloads/WITS/src/main/java/com/message/chat/WITS/service/InsForgeService.java:[5,47] package software.amazon.awssdk.auth.credentials does not exist
[ERROR] /C:/Users/Administrator/Downloads/WITS/src/main/java/com/message/chat/WITS/service/InsForgeService.java:[6,47] package software.amazon.awssdk.auth.credentials does not exist
[ERROR] /C:/Users/Administrator/Downloads/WITS/src/main/java/com/message/chat/WITS/service/InsForgeService.java:[7,38] package software.amazon.awssdk.regions does not exist
[ERROR] /C:/Users/Administrator/Downloads/WITS/src/main/java/com/message/chat/WITS/service/InsForgeService.java:[8,42] package software.amazon.awssdk.services.s3 does not exist
[ERROR] /C:/Users/Administrator/Downloads/WITS/src/main/java/com/message/chat/WITS/service/InsForgeService.java:[9,48] package software.amazon.awssdk.services.s3.model does not exist
[ERROR] /C:/Users/Administrator/Downloads/WITS/src/main/java/com/message/chat/WITS/service/InsForgeService.java:[10,40] package software.amazon.awssdk.core.sync does not exist
[ERROR] /C:/Users/Administrator/Downloads/WITS/src/main/java/com/message/chat/WITS/service/InsForgeService.java:[21,19] cannot find symbol
[ERROR]   symbol:   class S3Client
[ERROR]   location: class com.message.chat.WITS.service.InsForgeService
[ERROR] /C:/Users/Administrator/Downloads/WITS/src/main/java/com/message/chat/WITS/view/ChatView.java:[36,31] cannot find symbol
[ERROR]   symbol: class VerticalLayout
[ERROR] /C:/Users/Administrator/Downloads/WITS/src/main/java/com/message/chat/WITS/view/ChatView.java:[36,57] cannot find symbol
[ERROR]   symbol: class HasUrlParameter
[ERROR] /C:/Users/Administrator/Downloads/WITS/src/main/java/com/message/chat/WITS/view/ChatView.java:[33,2] cannot find symbol
[ERROR]   symbol: class Route
[ERROR] /C:/Users/Administrator/Downloads/WITS/src/main/java/com/message/chat/WITS/view/ChatView.java:[34,2] cannot find symbol
[ERROR]   symbol: class PageTitle
[ERROR] /C:/Users/Administrator/Downloads/WITS/src/main/java/com/message/chat/WITS/view/ChatView.java:[45,19] cannot find symbol
[ERROR]   symbol:   class VerticalLayout
[ERROR]   location: class com.message.chat.WITS.view.ChatView
[ERROR] /C:/Users/Administrator/Downloads/WITS/src/main/java/com/message/chat/WITS/view/ChatView.java:[46,19] cannot find symbol
[ERROR]   symbol:   class TextField
[ERROR]   location: class com.message.chat.WITS.view.ChatView
[ERROR] /C:/Users/Administrator/Downloads/WITS/src/main/java/com/message/chat/WITS/view/ChatView.java:[47,19] cannot find symbol
[ERROR]   symbol:   class H2
[ERROR]   location: class com.message.chat.WITS.view.ChatView
[ERROR] /C:/Users/Administrator/Downloads/WITS/src/main/java/com/message/chat/WITS/view/ChatView.java:[48,19] cannot find symbol
[ERROR]   symbol:   class HorizontalLayout
[ERROR]   location: class com.message.chat.WITS.view.ChatView
[ERROR] /C:/Users/Administrator/Downloads/WITS/src/main/java/com/message/chat/WITS/view/ChatView.java:[81,30] cannot find symbol
[ERROR]   symbol:   class BeforeEvent
[ERROR]   location: class com.message.chat.WITS.view.ChatView
[ERROR] /C:/Users/Administrator/Downloads/WITS/src/main/java/com/message/chat/WITS/view/CreateGroupView.java:[18,38] cannot find symbol
[ERROR]   symbol: class VerticalLayout
[ERROR] /C:/Users/Administrator/Downloads/WITS/src/main/java/com/message/chat/WITS/view/CreateGroupView.java:[15,2] cannot find symbol
[ERROR]   symbol: class Route
[ERROR] /C:/Users/Administrator/Downloads/WITS/src/main/java/com/message/chat/WITS/view/CreateGroupView.java:[16,2] cannot find symbol
[ERROR]   symbol: class PageTitle
[ERROR] /C:/Users/Administrator/Downloads/WITS/src/main/java/com/message/chat/WITS/view/CreateServerView.java:[17,39] cannot find symbol
[ERROR]   symbol: class VerticalLayout
[ERROR] /C:/Users/Administrator/Downloads/WITS/src/main/java/com/message/chat/WITS/view/CreateServerView.java:[14,2] cannot find symbol
[ERROR]   symbol: class Route
[ERROR] /C:/Users/Administrator/Downloads/WITS/src/main/java/com/message/chat/WITS/view/CreateServerView.java:[15,2] cannot find symbol
[ERROR]   symbol: class PageTitle
[ERROR] /C:/Users/Administrator/Downloads/WITS/src/main/java/com/message/chat/WITS/view/ExploreUsersView.java:[19,39] cannot find symbol
[ERROR]   symbol: class VerticalLayout
[ERROR] /C:/Users/Administrator/Downloads/WITS/src/main/java/com/message/chat/WITS/view/ExploreUsersView.java:[16,2] cannot find symbol
[ERROR]   symbol: class Route
[ERROR] /C:/Users/Administrator/Downloads/WITS/src/main/java/com/message/chat/WITS/view/ExploreUsersView.java:[17,2] cannot find symbol
[ERROR]   symbol: class PageTitle
[ERROR] /C:/Users/Administrator/Downloads/WITS/src/main/java/com/message/chat/WITS/view/FeedView.java:[28,31] cannot find symbol
[ERROR]   symbol: class VerticalLayout
[ERROR] /C:/Users/Administrator/Downloads/WITS/src/main/java/com/message/chat/WITS/view/FeedView.java:[25,2] cannot find symbol
[ERROR]   symbol: class Route
[ERROR] /C:/Users/Administrator/Downloads/WITS/src/main/java/com/message/chat/WITS/view/FeedView.java:[26,2] cannot find symbol
[ERROR]   symbol: class PageTitle
[ERROR] /C:/Users/Administrator/Downloads/WITS/src/main/java/com/message/chat/WITS/view/FeedView.java:[34,19] cannot find symbol
[ERROR]   symbol:   class VerticalLayout
[ERROR]   location: class com.message.chat.WITS.view.FeedView
[ERROR] /C:/Users/Administrator/Downloads/WITS/src/main/java/com/message/chat/WITS/view/FeedView.java:[57,13] cannot find symbol
[ERROR]   symbol:   class Div
[ERROR]   location: class com.message.chat.WITS.view.FeedView
[ERROR] /C:/Users/Administrator/Downloads/WITS/src/main/java/com/message/chat/WITS/view/FeedView.java:[99,13] cannot find symbol
[ERROR]   symbol:   class Div
[ERROR]   location: class com.message.chat.WITS.view.FeedView
[ERROR] /C:/Users/Administrator/Downloads/WITS/src/main/java/com/message/chat/WITS/view/FriendsView.java:[24,34] cannot find symbol
[ERROR]   symbol: class VerticalLayout
[ERROR] /C:/Users/Administrator/Downloads/WITS/src/main/java/com/message/chat/WITS/view/FriendsView.java:[21,2] cannot find symbol
[ERROR]   symbol: class Route
[ERROR] /C:/Users/Administrator/Downloads/WITS/src/main/java/com/message/chat/WITS/view/FriendsView.java:[22,2] cannot find symbol
[ERROR]   symbol: class PageTitle
[ERROR] /C:/Users/Administrator/Downloads/WITS/src/main/java/com/message/chat/WITS/view/FriendsView.java:[30,19] cannot find symbol
[ERROR]   symbol:   class Grid
[ERROR]   location: class com.message.chat.WITS.view.FriendsView
[ERROR] /C:/Users/Administrator/Downloads/WITS/src/main/java/com/message/chat/WITS/view/FriendsView.java:[31,19] cannot find symbol
[ERROR]   symbol:   class Grid
[ERROR]   location: class com.message.chat.WITS.view.FriendsView
[ERROR] /C:/Users/Administrator/Downloads/WITS/src/main/java/com/message/chat/WITS/view/GroupChatView.java:[40,36] cannot find symbol
[ERROR]   symbol: class VerticalLayout
[ERROR] /C:/Users/Administrator/Downloads/WITS/src/main/java/com/message/chat/WITS/view/GroupChatView.java:[40,62] cannot find symbol
[ERROR]   symbol: class HasUrlParameter
[ERROR] /C:/Users/Administrator/Downloads/WITS/src/main/java/com/message/chat/WITS/view/GroupChatView.java:[37,2] cannot find symbol
[ERROR]   symbol: class Route
[ERROR] /C:/Users/Administrator/Downloads/WITS/src/main/java/com/message/chat/WITS/view/GroupChatView.java:[38,2] cannot find symbol
[ERROR]   symbol: class PageTitle
[ERROR] /C:/Users/Administrator/Downloads/WITS/src/main/java/com/message/chat/WITS/view/GroupChatView.java:[47,19] cannot find symbol
[ERROR]   symbol:   class VerticalLayout
[ERROR]   location: class GroupChatView
[ERROR] /C:/Users/Administrator/Downloads/WITS/src/main/java/com/message/chat/WITS/view/GroupChatView.java:[48,19] cannot find symbol
[ERROR]   symbol:   class TextField
[ERROR]   location: class GroupChatView
[ERROR] /C:/Users/Administrator/Downloads/WITS/src/main/java/com/message/chat/WITS/view/GroupChatView.java:[49,19] cannot find symbol
[ERROR]   symbol:   class TextField
[ERROR]   location: class GroupChatView
[ERROR] /C:/Users/Administrator/Downloads/WITS/src/main/java/com/message/chat/WITS/view/GroupChatView.java:[50,19] cannot find symbol
[ERROR]   symbol:   class H2
[ERROR]   location: class GroupChatView
[ERROR] /C:/Users/Administrator/Downloads/WITS/src/main/java/com/message/chat/WITS/view/GroupChatView.java:[51,19] cannot find symbol
[ERROR]   symbol:   class HorizontalLayout
[ERROR]   location: class GroupChatView
[ERROR] /C:/Users/Administrator/Downloads/WITS/src/main/java/com/message/chat/WITS/view/GroupChatView.java:[128,30] cannot find symbol
[ERROR]   symbol:   class BeforeEvent
[ERROR]   location: class GroupChatView
[ERROR] /C:/Users/Administrator/Downloads/WITS/src/main/java/com/message/chat/WITS/view/GroupManagementView.java:[27,42] cannot find symbol
[ERROR]   symbol: class VerticalLayout
[ERROR] /C:/Users/Administrator/Downloads/WITS/src/main/java/com/message/chat/WITS/view/GroupManagementView.java:[27,68] cannot find symbol
[ERROR]   symbol: class HasUrlParameter
[ERROR] /C:/Users/Administrator/Downloads/WITS/src/main/java/com/message/chat/WITS/view/GroupManagementView.java:[24,2] cannot find symbol
[ERROR]   symbol: class Route
[ERROR] /C:/Users/Administrator/Downloads/WITS/src/main/java/com/message/chat/WITS/view/GroupManagementView.java:[25,2] cannot find symbol
[ERROR]   symbol: class PageTitle
[ERROR] /C:/Users/Administrator/Downloads/WITS/src/main/java/com/message/chat/WITS/view/GroupManagementView.java:[33,19] cannot find symbol
[ERROR]   symbol:   class TextField
[ERROR]   location: class com.message.chat.WITS.view.GroupManagementView
[ERROR] -> [Help 1]
[ERROR] 
[ERROR] To see the full stack trace of the errors, re-run Maven with the -e switch.
[ERROR] Re-run Maven using the -X switch to enable full debug logging.
[ERROR] 
[ERROR] For more information about the errors and possible solutions, please read the following articles:
[ERROR] [Help 1] http://cwiki.apache.org/confluence/display/MAVEN/MojoFailureException
