[INFO] Scanning for projects...
[INFO] 
[INFO] -----------------------< com.message.chat:WITS >------------------------
[INFO] Building WITS 0.0.1-SNAPSHOT
[INFO]   from pom.xml
[INFO] --------------------------------[ jar ]---------------------------------
[INFO] 
[INFO] --- resources:3.3.1:resources (default-resources) @ WITS ---
[INFO] Copying 2 resources from src\main\resources to target\classes
[INFO] Copying 0 resource from src\main\resources to target\classes
[INFO] 
[INFO] --- compiler:3.11.0:compile (default-compile) @ WITS ---
[INFO] Nothing to compile - all classes are up to date
[INFO] 
[INFO] --- vaadin:24.3.6:build-frontend (build-frontend) @ WITS ---
[INFO] Reflections took 4382 ms to scan 194 urls, producing 11451 keys and 59718 values
[INFO] Scanning classes to find frontend configurations and dependencies...
[INFO] Visited 1980 classes. Took 2922 ms.
[INFO] Checking if a production mode bundle build is needed
[INFO] A production mode bundle build is not needed
[INFO] Copying frontend resources from jar files ...
[INFO] Visited 193 resources. Took 330 ms.
[INFO] Reflections took 2547 ms to scan 194 urls, producing 11451 keys and 59718 values
[INFO] Scanning classes to find frontend configurations and dependencies...
[INFO] Visited 1980 classes. Took 2455 ms.
[WARNING] Couldn't update devMode token due to missing token file.
[INFO] Build frontend completed in 14378 ms.
[INFO] 
[INFO] --- resources:3.3.1:testResources (default-testResources) @ WITS ---
[INFO] skip non existing resourceDirectory C:\Users\Administrator\Downloads\WITS\src\test\resources
[INFO] 
[INFO] --- compiler:3.11.0:testCompile (default-testCompile) @ WITS ---
[INFO] Nothing to compile - all classes are up to date
[INFO] 
[INFO] --- surefire:3.1.2:test (default-test) @ WITS ---
[WARNING]  Parameter 'systemProperties' is deprecated: Use systemPropertyVariables instead.
[INFO] Using auto detected provider org.apache.maven.surefire.junitplatform.JUnitPlatformProvider
[INFO] 
[INFO] -------------------------------------------------------
[INFO]  T E S T S
[INFO] -------------------------------------------------------
[INFO] Running com.message.chat.WITS.WitsApplicationTests
15:40:22.356 [main] INFO org.springframework.test.context.support.AnnotationConfigContextLoaderUtils -- Could not detect default configuration classes for test class [com.message.chat.WITS.WitsApplicationTests]: WitsApplicationTests does not declare any static, non-private, non-final, nested classes annotated with @Configuration.
15:40:22.567 [main] INFO org.springframework.boot.test.context.SpringBootTestContextBootstrapper -- Found @SpringBootConfiguration com.message.chat.WITS.WitsApplication for test class com.message.chat.WITS.WitsApplicationTests

  .   ____          _            __ _ _
 /\\ / ___'_ __ _ _(_)_ __  __ _ \ \ \ \
( ( )\___ | '_ | '_| | '_ \/ _` | \ \ \ \
 \\/  ___)| |_)| | | | | || (_| |  ) ) ) )
  '  |____| .__|_| |_|_| |_\__, | / / / /
 =========|_|==============|___/=/_/_/_/
 :: Spring Boot ::                (v3.2.4)

2026-03-07T15:40:23.816+05:30  INFO 5616 --- [WITS] [           main] c.m.chat.WITS.WitsApplicationTests       : Starting WitsApplicationTests using Java 17.0.12 with PID 5616 (started by Administrator in C:\Users\Administrator\Downloads\WITS)
2026-03-07T15:40:23.817+05:30  INFO 5616 --- [WITS] [           main] c.m.chat.WITS.WitsApplicationTests       : The following 1 profile is active: "test"
2026-03-07T15:40:26.009+05:30  INFO 5616 --- [WITS] [           main] .s.d.r.c.RepositoryConfigurationDelegate : Multiple Spring Data modules found, entering strict repository configuration mode
2026-03-07T15:40:26.011+05:30  INFO 5616 --- [WITS] [           main] .s.d.r.c.RepositoryConfigurationDelegate : Bootstrapping Spring Data JPA repositories in DEFAULT mode.
2026-03-07T15:40:26.166+05:30  INFO 5616 --- [WITS] [           main] .RepositoryConfigurationExtensionSupport : Spring Data JPA - Could not safely identify store assignment for repository candidate interface com.message.chat.WITS.repository.BroadcastChannelRepository; If you want this repository to be a JPA repository, consider annotating your entities with one of these annotations: jakarta.persistence.Entity, jakarta.persistence.MappedSuperclass (preferred), or consider extending one of the following types with your repository: org.springframework.data.jpa.repository.JpaRepository
2026-03-07T15:40:26.168+05:30  INFO 5616 --- [WITS] [           main] .RepositoryConfigurationExtensionSupport : Spring Data JPA - Could not safely identify store assignment for repository candidate interface com.message.chat.WITS.repository.BugReportRepository; If you want this repository to be a JPA repository, consider annotating your entities with one of these annotations: jakarta.persistence.Entity, jakarta.persistence.MappedSuperclass (preferred), or consider extending one of the following types with your repository: org.springframework.data.jpa.repository.JpaRepository
2026-03-07T15:40:26.170+05:30  INFO 5616 --- [WITS] [           main] .RepositoryConfigurationExtensionSupport : Spring Data JPA - Could not safely identify store assignment for repository candidate interface com.message.chat.WITS.repository.CallRepository; If you want this repository to be a JPA repository, consider annotating your entities with one of these annotations: jakarta.persistence.Entity, jakarta.persistence.MappedSuperclass (preferred), or consider extending one of the following types with your repository: org.springframework.data.jpa.repository.JpaRepository
2026-03-07T15:40:26.174+05:30  INFO 5616 --- [WITS] [           main] .RepositoryConfigurationExtensionSupport : Spring Data JPA - Could not safely identify store assignment for repository candidate interface com.message.chat.WITS.repository.ChannelRepository; If you want this repository to be a JPA repository, consider annotating your entities with one of these annotations: jakarta.persistence.Entity, jakarta.persistence.MappedSuperclass (preferred), or consider extending one of the following types with your repository: org.springframework.data.jpa.repository.JpaRepository
2026-03-07T15:40:26.176+05:30  INFO 5616 --- [WITS] [           main] .RepositoryConfigurationExtensionSupport : Spring Data JPA - Could not safely identify store assignment for repository candidate interface com.message.chat.WITS.repository.ChatGroupRepository; If you want this repository to be a JPA repository, consider annotating your entities with one of these annotations: jakarta.persistence.Entity, jakarta.persistence.MappedSuperclass (preferred), or consider extending one of the following types with your repository: org.springframework.data.jpa.repository.JpaRepository
2026-03-07T15:40:26.185+05:30  INFO 5616 --- [WITS] [           main] .RepositoryConfigurationExtensionSupport : Spring Data JPA - Could not safely identify store assignment for repository candidate interface com.message.chat.WITS.repository.CommunityRepository; If you want this repository to be a JPA repository, consider annotating your entities with one of these annotations: jakarta.persistence.Entity, jakarta.persistence.MappedSuperclass (preferred), or consider extending one of the following types with your repository: org.springframework.data.jpa.repository.JpaRepository
2026-03-07T15:40:26.207+05:30  INFO 5616 --- [WITS] [           main] .RepositoryConfigurationExtensionSupport : Spring Data JPA - Could not safely identify store assignment for repository candidate interface com.message.chat.WITS.repository.EventRepository; If you want this repository to be a JPA repository, consider annotating your entities with one of these annotations: jakarta.persistence.Entity, jakarta.persistence.MappedSuperclass (preferred), or consider extending one of the following types with your repository: org.springframework.data.jpa.repository.JpaRepository
2026-03-07T15:40:26.214+05:30  INFO 5616 --- [WITS] [           main] .RepositoryConfigurationExtensionSupport : Spring Data JPA - Could not safely identify store assignment for repository candidate interface com.message.chat.WITS.repository.FriendRequestRepository; If you want this repository to be a JPA repository, consider annotating your entities with one of these annotations: jakarta.persistence.Entity, jakarta.persistence.MappedSuperclass (preferred), or consider extending one of the following types with your repository: org.springframework.data.jpa.repository.JpaRepository
2026-03-07T15:40:26.216+05:30  INFO 5616 --- [WITS] [           main] .RepositoryConfigurationExtensionSupport : Spring Data JPA - Could not safely identify store assignment for repository candidate interface com.message.chat.WITS.repository.FriendshipRepository; If you want this repository to be a JPA repository, consider annotating your entities with one of these annotations: jakarta.persistence.Entity, jakarta.persistence.MappedSuperclass (preferred), or consider extending one of the following types with your repository: org.springframework.data.jpa.repository.JpaRepository
2026-03-07T15:40:26.218+05:30  INFO 5616 --- [WITS] [           main] .RepositoryConfigurationExtensionSupport : Spring Data JPA - Could not safely identify store assignment for repository candidate interface com.message.chat.WITS.repository.GroupActionRequestRepository; If you want this repository to be a JPA repository, consider annotating your entities with one of these annotations: jakarta.persistence.Entity, jakarta.persistence.MappedSuperclass (preferred), or consider extending one of the following types with your repository: org.springframework.data.jpa.repository.JpaRepository
2026-03-07T15:40:26.229+05:30  INFO 5616 --- [WITS] [           main] .RepositoryConfigurationExtensionSupport : Spring Data JPA - Could not safely identify store assignment for repository candidate interface com.message.chat.WITS.repository.MomentRepository; If you want this repository to be a JPA repository, consider annotating your entities with one of these annotations: jakarta.persistence.Entity, jakarta.persistence.MappedSuperclass (preferred), or consider extending one of the following types with your repository: org.springframework.data.jpa.repository.JpaRepository
2026-03-07T15:40:26.237+05:30  INFO 5616 --- [WITS] [           main] .RepositoryConfigurationExtensionSupport : Spring Data JPA - Could not safely identify store assignment for repository candidate interface com.message.chat.WITS.repository.OfficialAccountRepository; If you want this repository to be a JPA repository, consider annotating your entities with one of these annotations: jakarta.persistence.Entity, jakarta.persistence.MappedSuperclass (preferred), or consider extending one of the following types with your repository: org.springframework.data.jpa.repository.JpaRepository
2026-03-07T15:40:26.243+05:30  INFO 5616 --- [WITS] [           main] .RepositoryConfigurationExtensionSupport : Spring Data JPA - Could not safely identify store assignment for repository candidate interface com.message.chat.WITS.repository.OfflineMessageQueueRepository; If you want this repository to be a JPA repository, consider annotating your entities with one of these annotations: jakarta.persistence.Entity, jakarta.persistence.MappedSuperclass (preferred), or consider extending one of the following types with your repository: org.springframework.data.jpa.repository.JpaRepository
2026-03-07T15:40:26.245+05:30  INFO 5616 --- [WITS] [           main] .RepositoryConfigurationExtensionSupport : Spring Data JPA - Could not safely identify store assignment for repository candidate interface com.message.chat.WITS.repository.PollRepository; If you want this repository to be a JPA repository, consider annotating your entities with one of these annotations: jakarta.persistence.Entity, jakarta.persistence.MappedSuperclass (preferred), or consider extending one of the following types with your repository: org.springframework.data.jpa.repository.JpaRepository
2026-03-07T15:40:26.259+05:30  INFO 5616 --- [WITS] [           main] .RepositoryConfigurationExtensionSupport : Spring Data JPA - Could not safely identify store assignment for repository candidate interface com.message.chat.WITS.repository.ReminderRepository; If you want this repository to be a JPA repository, consider annotating your entities with one of these annotations: jakarta.persistence.Entity, jakarta.persistence.MappedSuperclass (preferred), or consider extending one of the following types with your repository: org.springframework.data.jpa.repository.JpaRepository
2026-03-07T15:40:26.261+05:30  INFO 5616 --- [WITS] [           main] .RepositoryConfigurationExtensionSupport : Spring Data JPA - Could not safely identify store assignment for repository candidate interface com.message.chat.WITS.repository.ServerRepository; If you want this repository to be a JPA repository, consider annotating your entities with one of these annotations: jakarta.persistence.Entity, jakarta.persistence.MappedSuperclass (preferred), or consider extending one of the following types with your repository: org.springframework.data.jpa.repository.JpaRepository
2026-03-07T15:40:26.263+05:30  INFO 5616 --- [WITS] [           main] .RepositoryConfigurationExtensionSupport : Spring Data JPA - Could not safely identify store assignment for repository candidate interface com.message.chat.WITS.repository.ServerRoleRepository; If you want this repository to be a JPA repository, consider annotating your entities with one of these annotations: jakarta.persistence.Entity, jakarta.persistence.MappedSuperclass (preferred), or consider extending one of the following types with your repository: org.springframework.data.jpa.repository.JpaRepository
2026-03-07T15:40:26.265+05:30  INFO 5616 --- [WITS] [           main] .RepositoryConfigurationExtensionSupport : Spring Data JPA - Could not safely identify store assignment for repository candidate interface com.message.chat.WITS.repository.SplitBillRepository; If you want this repository to be a JPA repository, consider annotating your entities with one of these annotations: jakarta.persistence.Entity, jakarta.persistence.MappedSuperclass (preferred), or consider extending one of the following types with your repository: org.springframework.data.jpa.repository.JpaRepository
2026-03-07T15:40:26.268+05:30  INFO 5616 --- [WITS] [           main] .RepositoryConfigurationExtensionSupport : Spring Data JPA - Could not safely identify store assignment for repository candidate interface com.message.chat.WITS.repository.StoryRepository; If you want this repository to be a JPA repository, consider annotating your entities with one of these annotations: jakarta.persistence.Entity, jakarta.persistence.MappedSuperclass (preferred), or consider extending one of the following types with your repository: org.springframework.data.jpa.repository.JpaRepository
2026-03-07T15:40:26.276+05:30  INFO 5616 --- [WITS] [           main] .RepositoryConfigurationExtensionSupport : Spring Data JPA - Could not safely identify store assignment for repository candidate interface com.message.chat.WITS.repository.TrendingTopicRepository; If you want this repository to be a JPA repository, consider annotating your entities with one of these annotations: jakarta.persistence.Entity, jakarta.persistence.MappedSuperclass (preferred), or consider extending one of the following types with your repository: org.springframework.data.jpa.repository.JpaRepository
2026-03-07T15:40:26.279+05:30  INFO 5616 --- [WITS] [           main] .RepositoryConfigurationExtensionSupport : Spring Data JPA - Could not safely identify store assignment for repository candidate interface com.message.chat.WITS.repository.TweetRepository; If you want this repository to be a JPA repository, consider annotating your entities with one of these annotations: jakarta.persistence.Entity, jakarta.persistence.MappedSuperclass (preferred), or consider extending one of the following types with your repository: org.springframework.data.jpa.repository.JpaRepository
2026-03-07T15:40:26.281+05:30  INFO 5616 --- [WITS] [           main] .RepositoryConfigurationExtensionSupport : Spring Data JPA - Could not safely identify store assignment for repository candidate interface com.message.chat.WITS.repository.UserRepository; If you want this repository to be a JPA repository, consider annotating your entities with one of these annotations: jakarta.persistence.Entity, jakarta.persistence.MappedSuperclass (preferred), or consider extending one of the following types with your repository: org.springframework.data.jpa.repository.JpaRepository
2026-03-07T15:40:26.286+05:30  INFO 5616 --- [WITS] [           main] .RepositoryConfigurationExtensionSupport : Spring Data JPA - Could not safely identify store assignment for repository candidate interface com.message.chat.WITS.repository.WebRTCSessionRepository; If you want this repository to be a JPA repository, consider annotating your entities with one of these annotations: jakarta.persistence.Entity, jakarta.persistence.MappedSuperclass (preferred), or consider extending one of the following types with your repository: org.springframework.data.jpa.repository.JpaRepository
2026-03-07T15:40:26.365+05:30  INFO 5616 --- [WITS] [           main] .s.d.r.c.RepositoryConfigurationDelegate : Finished Spring Data repository scanning in 339 ms. Found 12 JPA repository interfaces.
2026-03-07T15:40:26.515+05:30  INFO 5616 --- [WITS] [           main] .s.d.r.c.RepositoryConfigurationDelegate : Multiple Spring Data modules found, entering strict repository configuration mode
2026-03-07T15:40:26.515+05:30  INFO 5616 --- [WITS] [           main] .s.d.r.c.RepositoryConfigurationDelegate : Bootstrapping Spring Data MongoDB repositories in DEFAULT mode.
2026-03-07T15:40:26.528+05:30  INFO 5616 --- [WITS] [           main] .RepositoryConfigurationExtensionSupport : Spring Data MongoDB - Could not safely identify store assignment for repository candidate interface com.message.chat.WITS.repository.AudioSpaceRepository; If you want this repository to be a MongoDB repository, consider annotating your entities with one of these annotations: org.springframework.data.mongodb.core.mapping.Document (preferred), or consider extending one of the following types with your repository: org.springframework.data.mongodb.repository.MongoRepository
2026-03-07T15:40:26.530+05:30  INFO 5616 --- [WITS] [           main] .RepositoryConfigurationExtensionSupport : Spring Data MongoDB - Could not safely identify store assignment for repository candidate interface com.message.chat.WITS.repository.ContactRepository; If you want this repository to be a MongoDB repository, consider annotating your entities with one of these annotations: org.springframework.data.mongodb.core.mapping.Document (preferred), or consider extending one of the following types with your repository: org.springframework.data.mongodb.repository.MongoRepository
2026-03-07T15:40:26.533+05:30  INFO 5616 --- [WITS] [           main] .RepositoryConfigurationExtensionSupport : Spring Data MongoDB - Could not safely identify store assignment for repository candidate interface com.message.chat.WITS.repository.ConversationParticipantRepository; If you want this repository to be a MongoDB repository, consider annotating your entities with one of these annotations: org.springframework.data.mongodb.core.mapping.Document (preferred), or consider extending one of the following types with your repository: org.springframework.data.mongodb.repository.MongoRepository
2026-03-07T15:40:26.533+05:30  INFO 5616 --- [WITS] [           main] .RepositoryConfigurationExtensionSupport : Spring Data MongoDB - Could not safely identify store assignment for repository candidate interface com.message.chat.WITS.repository.ConversationRepository; If you want this repository to be a MongoDB repository, consider annotating your entities with one of these annotations: org.springframework.data.mongodb.core.mapping.Document (preferred), or consider extending one of the following types with your repository: org.springframework.data.mongodb.repository.MongoRepository
2026-03-07T15:40:26.536+05:30  INFO 5616 --- [WITS] [           main] .RepositoryConfigurationExtensionSupport : Spring Data MongoDB - Could not safely identify store assignment for repository candidate interface com.message.chat.WITS.repository.MessageRepository; If you want this repository to be a MongoDB repository, consider annotating your entities with one of these annotations: org.springframework.data.mongodb.core.mapping.Document (preferred), or consider extending one of the following types with your repository: org.springframework.data.mongodb.repository.MongoRepository
2026-03-07T15:40:26.539+05:30  INFO 5616 --- [WITS] [           main] .RepositoryConfigurationExtensionSupport : Spring Data MongoDB - Could not safely identify store assignment for repository candidate interface com.message.chat.WITS.repository.MiniAppRepository; If you want this repository to be a MongoDB repository, consider annotating your entities with one of these annotations: org.springframework.data.mongodb.core.mapping.Document (preferred), or consider extending one of the following types with your repository: org.springframework.data.mongodb.repository.MongoRepository
2026-03-07T15:40:26.540+05:30  INFO 5616 --- [WITS] [           main] .RepositoryConfigurationExtensionSupport : Spring Data MongoDB - Could not safely identify store assignment for repository candidate interface com.message.chat.WITS.repository.NotificationRepository; If you want this repository to be a MongoDB repository, consider annotating your entities with one of these annotations: org.springframework.data.mongodb.core.mapping.Document (preferred), or consider extending one of the following types with your repository: org.springframework.data.mongodb.repository.MongoRepository
2026-03-07T15:40:26.542+05:30  INFO 5616 --- [WITS] [           main] .RepositoryConfigurationExtensionSupport : Spring Data MongoDB - Could not safely identify store assignment for repository candidate interface com.message.chat.WITS.repository.PostCommentRepository; If you want this repository to be a MongoDB repository, consider annotating your entities with one of these annotations: org.springframework.data.mongodb.core.mapping.Document (preferred), or consider extending one of the following types with your repository: org.springframework.data.mongodb.repository.MongoRepository
2026-03-07T15:40:26.543+05:30  INFO 5616 --- [WITS] [           main] .RepositoryConfigurationExtensionSupport : Spring Data MongoDB - Could not safely identify store assignment for repository candidate interface com.message.chat.WITS.repository.PostRepository; If you want this repository to be a MongoDB repository, consider annotating your entities with one of these annotations: org.springframework.data.mongodb.core.mapping.Document (preferred), or consider extending one of the following types with your repository: org.springframework.data.mongodb.repository.MongoRepository
2026-03-07T15:40:26.544+05:30  INFO 5616 --- [WITS] [           main] .RepositoryConfigurationExtensionSupport : Spring Data MongoDB - Could not safely identify store assignment for repository candidate interface com.message.chat.WITS.repository.ProfileRepository; If you want this repository to be a MongoDB repository, consider annotating your entities with one of these annotations: org.springframework.data.mongodb.core.mapping.Document (preferred), or consider extending one of the following types with your repository: org.springframework.data.mongodb.repository.MongoRepository
2026-03-07T15:40:26.545+05:30  INFO 5616 --- [WITS] [           main] .RepositoryConfigurationExtensionSupport : Spring Data MongoDB - Could not safely identify store assignment for repository candidate interface com.message.chat.WITS.repository.TransactionRepository; If you want this repository to be a MongoDB repository, consider annotating your entities with one of these annotations: org.springframework.data.mongodb.core.mapping.Document (preferred), or consider extending one of the following types with your repository: org.springframework.data.mongodb.repository.MongoRepository
2026-03-07T15:40:26.546+05:30  INFO 5616 --- [WITS] [           main] .RepositoryConfigurationExtensionSupport : Spring Data MongoDB - Could not safely identify store assignment for repository candidate interface com.message.chat.WITS.repository.WalletRepository; If you want this repository to be a MongoDB repository, consider annotating your entities with one of these annotations: org.springframework.data.mongodb.core.mapping.Document (preferred), or consider extending one of the following types with your repository: org.springframework.data.mongodb.repository.MongoRepository
2026-03-07T15:40:26.617+05:30  INFO 5616 --- [WITS] [           main] .s.d.r.c.RepositoryConfigurationDelegate : Finished Spring Data repository scanning in 102 ms. Found 23 MongoDB repository interfaces.
2026-03-07T15:40:27.978+05:30  INFO 5616 --- [WITS] [           main] o.hibernate.jpa.internal.util.LogHelper  : HHH000204: Processing PersistenceUnitInfo [name: default]
2026-03-07T15:40:28.223+05:30  INFO 5616 --- [WITS] [           main] org.hibernate.Version                    : HHH000412: Hibernate ORM core version 6.4.4.Final
2026-03-07T15:40:28.308+05:30  INFO 5616 --- [WITS] [           main] o.h.c.internal.RegionFactoryInitiator    : HHH000026: Second-level cache disabled
2026-03-07T15:40:29.352+05:30  INFO 5616 --- [WITS] [           main] o.s.o.j.p.SpringPersistenceUnitInfo      : No LoadTimeWeaver setup: ignoring JPA class transformer
2026-03-07T15:40:29.410+05:30  INFO 5616 --- [WITS] [           main] com.zaxxer.hikari.HikariDataSource       : HikariPool-1 - Starting...
2026-03-07T15:40:29.806+05:30  INFO 5616 --- [WITS] [           main] com.zaxxer.hikari.pool.HikariPool        : HikariPool-1 - Added connection conn0: url=jdbc:h2:mem:testdb user=SA
2026-03-07T15:40:29.811+05:30  INFO 5616 --- [WITS] [           main] com.zaxxer.hikari.HikariDataSource       : HikariPool-1 - Start completed.
2026-03-07T15:40:29.850+05:30  WARN 5616 --- [WITS] [           main] org.hibernate.dialect.Dialect            : HHH000511: The 2.2.0 version for [org.hibernate.dialect.PostgreSQLDialect] is no longer supported, hence certain features may not work properly. The minimum supported version is 12.0.0. Check the community dialects project for available legacy versions.
2026-03-07T15:40:29.862+05:30  WARN 5616 --- [WITS] [           main] org.hibernate.orm.deprecation            : HHH90000025: PostgreSQLDialect does not need to be specified explicitly using 'hibernate.dialect' (remove the property setting and it will be selected by default)
2026-03-07T15:40:32.158+05:30  INFO 5616 --- [WITS] [           main] o.h.e.t.j.p.i.JtaPlatformInitiator       : HHH000489: No JTA platform available (set 'hibernate.transaction.jta.platform' to enable JTA platform integration)
Hibernate: alter table if exists audio_space_listeners drop constraint if exists FKftoosr0kdnewn1t87el5cx0fl
Hibernate: alter table if exists audio_space_speakers drop constraint if exists FK3exna32piaxycvf9muc8847cq
Hibernate: alter table if exists post_liker_ids drop constraint if exists FK119qw6hjdn5waoxayyjl0l8ag
Hibernate: alter table if exists post_media_urls drop constraint if exists FK5at7kq4on2x0x29rcr1eui50f
Hibernate: drop table if exists audio_space_listeners cascade
Hibernate: drop table if exists audio_space_speakers cascade
Hibernate: drop table if exists audio_spaces cascade
Hibernate: drop table if exists contacts cascade
Hibernate: drop table if exists conversation_participants cascade
Hibernate: drop table if exists conversations cascade
Hibernate: drop table if exists messages cascade
Hibernate: drop table if exists miniapps cascade
Hibernate: drop table if exists notifications cascade
Hibernate: drop table if exists post_comments cascade
Hibernate: drop table if exists post_liker_ids cascade
Hibernate: drop table if exists post_media_urls cascade
Hibernate: drop table if exists posts cascade
Hibernate: drop table if exists profiles cascade
Hibernate: drop table if exists transactions cascade
Hibernate: drop table if exists wallets cascade
Hibernate: create table audio_space_listeners (audio_space_id uuid not null, user_id uuid)
Hibernate: create table audio_space_speakers (audio_space_id uuid not null, user_id uuid)
Hibernate: create table audio_spaces (is_live boolean not null, ended_at timestamp(6) with time zone, started_at timestamp(6) with time zone, host_id uuid not null, id uuid not null, channel_id varchar(255), description varchar(255), title varchar(255) not null, primary key (id))
Hibernate: create table contacts (created_at timestamp(6) with time zone, contact_id uuid, id uuid not null, user_id uuid, status varchar(255), primary key (id))
Hibernate: create table conversation_participants (joined_at timestamp(6) with time zone, conversation_id uuid, id uuid not null, user_id uuid, role varchar(255), primary key (id))
Hibernate: create table conversations (is_group boolean, created_at timestamp(6) with time zone, id uuid not null, avatar_url varchar(255), name varchar(255), primary key (id))
Hibernate: create table messages (is_snap boolean not null, message_type smallint check (message_type between 0 and 6), screenshot_detected boolean not null, status smallint check (status between 0 and 3), created_at timestamp(6) with time zone, expiry_time timestamp(6), scheduled_at timestamp(6), timestamp timestamp(6), conversation_id uuid, id uuid not null, sender_id uuid, channel_id varchar(255), content varchar(255), media_url varchar(255), server_id varchar(255), primary key (id))
Hibernate: create table miniapps (category smallint check (category between 0 and 6), created_at timestamp(6) with time zone, developer_id uuid, id uuid not null, app_url varchar(255), description varchar(255), icon_url varchar(255), name varchar(255), primary key (id))
Hibernate: create table notifications (is_read boolean, type smallint check (type between 0 and 6), created_at timestamp(6) with time zone, id uuid not null, reference_id uuid, user_id uuid, content varchar(255), title varchar(255), primary key (id))
Hibernate: create table post_comments (created_at timestamp(6) with time zone, id uuid not null, post_id uuid, user_id uuid, content varchar(255), primary key (id))
Hibernate: create table post_liker_ids (liker_ids uuid, post_id uuid not null)
Hibernate: create table post_media_urls (post_id uuid not null, media_urls varchar(255))
Hibernate: create table posts (author_type smallint check (author_type between 0 and 2), type smallint check (type between 0 and 3), created_at timestamp(6) with time zone, timestamp timestamp(6), id uuid not null, user_id uuid, author_id varchar(255), content varchar(255), primary key (id))
Hibernate: create table profiles (created_at timestamp(6) with time zone, updated_at timestamp(6) with time zone, id uuid not null, avatar_url varchar(255), bio varchar(255), email varchar(255), username varchar(255), primary key (id))
Hibernate: create table transactions (amount float(53) not null, status smallint check (status between 0 and 2), type smallint check (type between 0 and 5), created_at timestamp(6) with time zone, timestamp timestamp(6), id uuid not null, currency varchar(255), description varchar(255), receiver_id varchar(255), sender_id varchar(255), primary key (id))
Hibernate: create table wallets (balance numeric(38,2), created_at timestamp(6) with time zone, id uuid not null, currency varchar(255), qr_code_token varchar(255), user_id varchar(255), primary key (id))
Hibernate: alter table if exists audio_space_listeners add constraint FKftoosr0kdnewn1t87el5cx0fl foreign key (audio_space_id) references audio_spaces
Hibernate: alter table if exists audio_space_speakers add constraint FK3exna32piaxycvf9muc8847cq foreign key (audio_space_id) references audio_spaces
Hibernate: alter table if exists post_liker_ids add constraint FK119qw6hjdn5waoxayyjl0l8ag foreign key (post_id) references posts
Hibernate: alter table if exists post_media_urls add constraint FK5at7kq4on2x0x29rcr1eui50f foreign key (post_id) references posts
2026-03-07T15:40:32.305+05:30  INFO 5616 --- [WITS] [           main] j.LocalContainerEntityManagerFactoryBean : Initialized JPA EntityManagerFactory for persistence unit 'default'
2026-03-07T15:40:36.046+05:30  INFO 5616 --- [WITS] [           main] org.mongodb.driver.client                : MongoClient with metadata {"driver": {"name": "mongo-java-driver|sync|spring-boot", "version": "4.11.1"}, "os": {"type": "Windows", "name": "Windows 10", "architecture": "amd64", "version": "10.0"}, "platform": "Java/Oracle Corporation/17.0.12+8-LTS-286"} created with settings MongoClientSettings{readPreference=primary, writeConcern=WriteConcern{w=null, wTimeout=null ms, journal=null}, retryWrites=true, retryReads=true, readConcern=ReadConcern{level=null}, credential=null, transportSettings=null, streamFactoryFactory=null, commandListeners=[], codecRegistry=ProvidersCodecRegistry{codecProviders=[ValueCodecProvider{}, BsonValueCodecProvider{}, DBRefCodecProvider{}, DBObjectCodecProvider{}, DocumentCodecProvider{}, CollectionCodecProvider{}, IterableCodecProvider{}, MapCodecProvider{}, GeoJsonCodecProvider{}, GridFSFileCodecProvider{}, Jsr310CodecProvider{}, JsonObjectCodecProvider{}, BsonCodecProvider{}, EnumCodecProvider{}, com.mongodb.client.model.mql.ExpressionCodecProvider@6a3cb81c, com.mongodb.Jep395RecordCodecProvider@42fe9099, com.mongodb.KotlinCodecProvider@4437af21]}, loggerSettings=LoggerSettings{maxDocumentLength=1000}, clusterSettings={hosts=[localhost:27017], srvServiceName=mongodb, mode=SINGLE, requiredClusterType=UNKNOWN, requiredReplicaSetName='null', serverSelector='null', clusterListeners='[]', serverSelectionTimeout='30000 ms', localThreshold='15 ms'}, socketSettings=SocketSettings{connectTimeoutMS=10000, readTimeoutMS=0, receiveBufferSize=0, proxySettings=ProxySettings{host=null, port=null, username=null, password=null}}, heartbeatSocketSettings=SocketSettings{connectTimeoutMS=10000, readTimeoutMS=10000, receiveBufferSize=0, proxySettings=ProxySettings{host=null, port=null, username=null, password=null}}, connectionPoolSettings=ConnectionPoolSettings{maxSize=100, minSize=0, maxWaitTimeMS=120000, maxConnectionLifeTimeMS=0, maxConnectionIdleTimeMS=0, maintenanceInitialDelayMS=0, maintenanceFrequencyMS=60000, connectionPoolListeners=[], maxConnecting=2}, serverSettings=ServerSettings{heartbeatFrequencyMS=10000, minHeartbeatFrequencyMS=500, serverListeners='[]', serverMonitorListeners='[]'}, sslSettings=SslSettings{enabled=false, invalidHostNameAllowed=false, context=null}, applicationName='null', compressorList=[], uuidRepresentation=JAVA_LEGACY, serverApi=null, autoEncryptionSettings=null, dnsClient=null, inetAddressResolver=null, contextProvider=null}
2026-03-07T15:40:36.384+05:30  INFO 5616 --- [WITS] [localhost:27017] org.mongodb.driver.cluster               : Exception in monitor thread while connecting to server localhost:27017

com.mongodb.MongoSocketOpenException: Exception opening socket
	at com.mongodb.internal.connection.SocketStream.lambda$open$0(SocketStream.java:84) ~[mongodb-driver-core-4.11.1.jar:na]
	at java.base/java.util.Optional.orElseThrow(Optional.java:403) ~[na:na]
	at com.mongodb.internal.connection.SocketStream.open(SocketStream.java:84) ~[mongodb-driver-core-4.11.1.jar:na]
	at com.mongodb.internal.connection.InternalStreamConnection.open(InternalStreamConnection.java:211) ~[mongodb-driver-core-4.11.1.jar:na]
	at com.mongodb.internal.connection.DefaultServerMonitor$ServerMonitorRunnable.lookupServerDescription(DefaultServerMonitor.java:196) ~[mongodb-driver-core-4.11.1.jar:na]
	at com.mongodb.internal.connection.DefaultServerMonitor$ServerMonitorRunnable.run(DefaultServerMonitor.java:156) ~[mongodb-driver-core-4.11.1.jar:na]
	at java.base/java.lang.Thread.run(Thread.java:842) ~[na:na]
Caused by: java.net.ConnectException: Connection refused: no further information
	at java.base/sun.nio.ch.Net.pollConnect(Native Method) ~[na:na]
	at java.base/sun.nio.ch.Net.pollConnectNow(Net.java:672) ~[na:na]
	at java.base/sun.nio.ch.NioSocketImpl.timedFinishConnect(NioSocketImpl.java:547) ~[na:na]
	at java.base/sun.nio.ch.NioSocketImpl.connect(NioSocketImpl.java:602) ~[na:na]
	at java.base/java.net.SocksSocketImpl.connect(SocksSocketImpl.java:327) ~[na:na]
	at java.base/java.net.Socket.connect(Socket.java:633) ~[na:na]
	at com.mongodb.internal.connection.SocketStreamHelper.initialize(SocketStreamHelper.java:76) ~[mongodb-driver-core-4.11.1.jar:na]
	at com.mongodb.internal.connection.SocketStream.initializeSocket(SocketStream.java:104) ~[mongodb-driver-core-4.11.1.jar:na]
	at com.mongodb.internal.connection.SocketStream.open(SocketStream.java:78) ~[mongodb-driver-core-4.11.1.jar:na]
	... 4 common frames omitted

2026-03-07T15:40:38.017+05:30  WARN 5616 --- [WITS] [           main] JpaBaseConfiguration$JpaWebConfiguration : spring.jpa.open-in-view is enabled by default. Therefore, database queries may be performed during view rendering. Explicitly configure spring.jpa.open-in-view to disable this warning
2026-03-07T15:40:38.746+05:30  INFO 5616 --- [WITS] [           main] o.s.s.web.DefaultSecurityFilterChain     : Will secure any request with [org.springframework.security.web.session.DisableEncodeUrlFilter@13e9a2f2, org.springframework.security.web.context.request.async.WebAsyncManagerIntegrationFilter@74eebb25, org.springframework.security.web.context.SecurityContextHolderFilter@1df1bd44, org.springframework.security.web.header.HeaderWriterFilter@7aadb5e8, org.springframework.web.filter.CorsFilter@c1e7bea, org.springframework.security.web.csrf.CsrfFilter@1dbb3001, org.springframework.security.web.authentication.logout.LogoutFilter@12f826c, org.springframework.security.web.authentication.UsernamePasswordAuthenticationFilter@504ed038, org.springframework.security.web.savedrequest.RequestCacheAwareFilter@660dcd17, org.springframework.security.web.servletapi.SecurityContextHolderAwareRequestFilter@71390c8, org.springframework.security.web.authentication.AnonymousAuthenticationFilter@3af30ab8, org.springframework.security.web.access.ExceptionTranslationFilter@6de6467a, org.springframework.security.web.access.intercept.AuthorizationFilter@17b3b021]
2026-03-07T15:40:39.600+05:30  INFO 5616 --- [WITS] [           main] o.s.m.s.b.SimpleBrokerMessageHandler     : Starting...
2026-03-07T15:40:39.601+05:30  INFO 5616 --- [WITS] [           main] o.s.m.s.b.SimpleBrokerMessageHandler     : BrokerAvailabilityEvent[available=true, SimpleBrokerMessageHandler [org.springframework.messaging.simp.broker.DefaultSubscriptionRegistry@491b5bd9]]
2026-03-07T15:40:39.602+05:30  INFO 5616 --- [WITS] [           main] o.s.m.s.b.SimpleBrokerMessageHandler     : Started.
2026-03-07T15:40:39.619+05:30  INFO 5616 --- [WITS] [           main] c.m.chat.WITS.WitsApplicationTests       : Started WitsApplicationTests in 16.777 seconds (process running for 18.97)
Hibernate: select m1_0.id,m1_0.channel_id,m1_0.content,m1_0.conversation_id,m1_0.created_at,m1_0.expiry_time,m1_0.is_snap,m1_0.media_url,m1_0.message_type,m1_0.scheduled_at,m1_0.screenshot_detected,m1_0.sender_id,m1_0.server_id,m1_0.status,m1_0.timestamp from messages m1_0
Hibernate: select m1_0.id,m1_0.channel_id,m1_0.content,m1_0.conversation_id,m1_0.created_at,m1_0.expiry_time,m1_0.is_snap,m1_0.media_url,m1_0.message_type,m1_0.scheduled_at,m1_0.screenshot_detected,m1_0.sender_id,m1_0.server_id,m1_0.status,m1_0.timestamp from messages m1_0
2026-03-07T15:40:40.152+05:30  INFO 5616 --- [WITS] [MessageBroker-2] org.mongodb.driver.cluster               : No server chosen by ReadPreferenceServerSelector{readPreference=primary} from cluster description ClusterDescription{type=UNKNOWN, connectionMode=SINGLE, serverDescriptions=[ServerDescription{address=localhost:27017, type=UNKNOWN, state=CONNECTING, exception={com.mongodb.MongoSocketOpenException: Exception opening socket}, caused by {java.net.ConnectException: Connection refused: no further information}}]}. Waiting for 30000 ms before timing out
Java HotSpot(TM) 64-Bit Server VM warning: Sharing is only supported for boot loader classes because bootstrap classpath has been appended
[INFO] Tests run: 1, Failures: 0, Errors: 0, Skipped: 0, Time elapsed: 19.03 s -- in com.message.chat.WITS.WitsApplicationTests
[INFO] 
[INFO] Results:
[INFO] 
[INFO] Tests run: 1, Failures: 0, Errors: 0, Skipped: 0
[INFO] 
[INFO] ------------------------------------------------------------------------
[INFO] BUILD SUCCESS
[INFO] ------------------------------------------------------------------------
[INFO] Total time:  01:08 min
[INFO] Finished at: 2026-03-07T15:41:10+05:30
[INFO] ------------------------------------------------------------------------
